==27873== Memcheck, a memory error detector
==27873== Copyright (C) 2002-2010, and GNU GPL'd, by Julian Seward et al.
==27873== Using Valgrind-3.6.1 and LibVEX; rerun with -h for copyright info
==27873== Command: ./basic/test_basic readimage
==27873== Parent PID: 27872
==27873== 
--27873-- 
--27873-- Valgrind options:
--27873--    --leak-check=full
--27873--    --smc-check=all
--27873--    --read-var-info=yes
--27873--    --show-reachable=yes
--27873--    --track-origins=yes
--27873--    --log-file=/home/OpenCL/users/shohaml/trunk/install/SLES64/Debug/bin/validation/valgrind/conf12_basic_readimage.actual
--27873--    --gen-suppressions=all
--27873--    --num-callers=40
--27873--    --leak-resolution=high
--27873--    --partial-loads-ok=yes
--27873--    --free-fill=99
--27873--    --malloc-fill=FF
--27873--    -v
--27873--    --suppressions=/nfs/iil/disks/opencl_vlan/shohaml/trunk/src/tests/valgrind/runtime.supp
--27873--    --suppressions=/nfs/iil/disks/opencl_vlan/shohaml/trunk/src/tests/valgrind/conform12.supp
--27873-- Contents of /proc/version:
--27873--   Linux version 2.6.32.46-0.3-default (geeko@buildhost) (gcc version 4.3.4 [gcc-4_3-branch revision 152973] (SUSE Linux) ) #1 SMP 2011-09-29 17:49:31 +0200
--27873-- Arch and hwcaps: AMD64, amd64-sse3-cx16
--27873-- Page sizes: currently 4096, max supported 4096
--27873-- Valgrind library directory: /usr/lib64/valgrind
--27873-- Reading syms from /home/OpenCL/users/shohaml/trunk/install/SLES64/Debug/bin/validation/conform12/basic/test_basic (0x400000)
--27873-- Reading syms from /lib64/ld-2.11.1.so (0x4000000)
--27873-- Reading syms from /usr/lib64/valgrind/memcheck-amd64-linux (0x38000000)
--27873--    object doesn't have a symbol table
--27873--    object doesn't have a dynamic symbol table
--27873-- Reading suppressions file: /nfs/iil/disks/opencl_vlan/shohaml/trunk/src/tests/valgrind/runtime.supp
--27873-- Reading suppressions file: /nfs/iil/disks/opencl_vlan/shohaml/trunk/src/tests/valgrind/conform12.supp
--27873-- Reading suppressions file: /usr/lib64/valgrind/default.supp
--27873-- REDIR: 0x4016ef0 (strlen) redirected to 0x38041ff7 (???)
--27873-- Reading syms from /usr/lib64/valgrind/vgpreload_core-amd64-linux.so (0x4a21000)
--27873--    object doesn't have a symbol table
--27873-- Reading syms from /usr/lib64/valgrind/vgpreload_memcheck-amd64-linux.so (0x4c23000)
--27873--    object doesn't have a symbol table
==27873== WARNING: new redirection conflicts with existing -- ignoring it
--27873--     new: 0x04016ef0 (strlen              ) R-> 0x04c28180 strlen
--27873-- REDIR: 0x4016460 (index) redirected to 0x4c27de0 (index)
--27873-- REDIR: 0x4016610 (strcmp) redirected to 0x4c28d00 (strcmp)
--27873-- Reading syms from /home/OpenCL/users/shohaml/trunk/install/SLES64/Debug/bin/libintelocl.so (0x4e2e000)
--27873-- warning: addVar: unknown size (g_extFuncResolveMap)
--27873-- warning: addVar: unknown size (<anon_var>)
--27873-- warning: addVar: unknown size (out)
--27873-- warning: addVar: unknown size (out)
--27873-- warning: addVar: unknown size (out)
--27873-- warning: addVar: unknown size (stm)
--27873-- warning: addVar: unknown size (os)
--27873-- warning: addVar: unknown size (fsInputStream)
--27873-- warning: addVar: unknown size (ifs)
--27873-- warning: addVar: unknown size (strStream)
--27873-- Reading syms from /lib64/libm-2.11.1.so (0x52e1000)
--27873-- Reading syms from /lib64/libpthread-2.11.1.so (0x5537000)
--27873-- Reading syms from /lib64/librt-2.11.1.so (0x5754000)
--27873-- Reading syms from /usr/lib64/libstdc++.so.6.0.11 (0x595d000)
--27873-- Reading syms from /lib64/libgcc_s.so.1 (0x5c6c000)
--27873--    object doesn't have a symbol table
--27873-- Reading syms from /lib64/libc-2.11.1.so (0x5e83000)
--27873-- Reading syms from /lib64/libdl-2.11.1.so (0x61e1000)
--27873-- Reading syms from /home/OpenCL/users/shohaml/trunk/install/SLES64/Debug/bin/libcl_logger.so (0x63e5000)
--27873-- Reading syms from /home/OpenCL/users/shohaml/trunk/install/SLES64/Debug/bin/libtask_executor.so (0x65ec000)
--27873-- REDIR: 0x4017530 (stpcpy) redirected to 0x4c29c60 (stpcpy)
--27873-- Reading syms from /usr/lib64/libnuma.so.1 (0x685b000)
--27873--    object doesn't have a symbol table
--27873-- Reading syms from /home/OpenCL/users/shohaml/trunk/install/SLES64/Debug/bin/libtbb_preview_debug.so.2 (0x4055000)
--27873-- Reading syms from /home/OpenCL/users/shohaml/trunk/install/SLES64/Debug/bin/libtbbmalloc_debug.so.2 (0x6a64000)
--27873-- REDIR: 0x5f01ab0 (rindex) redirected to 0x4c27bd0 (rindex)
--27873-- REDIR: 0x5efd060 (malloc) redirected to 0x4c277d0 (malloc)
--27873-- REDIR: 0x5efcf80 (free) redirected to 0x4c26930 (free)
--27873-- REDIR: 0x5f02530 (strstr) redirected to 0x4c2a2d0 (strstr)
--27873-- REDIR: 0x5f02b80 (memchr) redirected to 0x4c28dc0 (memchr)
--27873-- REDIR: 0x5f04ae0 (memcpy) redirected to 0x4c28e00 (memcpy)
--27873-- REDIR: 0x5efe150 (realloc) redirected to 0x4c278a0 (realloc)
--27873-- REDIR: 0x5f01710 (strlen) redirected to 0x4c28120 (strlen)
--27873-- REDIR: 0x5efc5f0 (calloc) redirected to 0x4c25e50 (calloc)
--27873-- REDIR: 0x5f01910 (strncmp) redirected to 0x4c285e0 (strncmp)
--27873-- REDIR: 0x5a23420 (operator new(unsigned long)) redirected to 0x4c272d0 (operator new(unsigned long))
--27873-- REDIR: 0x5f031a0 (memset) redirected to 0x4c29d30 (memset)
--27873-- REDIR: 0x5f00980 (strcmp) redirected to 0x4c28c40 (strcmp)
--27873-- REDIR: 0x5f074f0 (strchrnul) redirected to 0x4c29ed0 (strchrnul)
--27873-- REDIR: 0x5f03cd0 (mempcpy) redirected to 0x4c29fe0 (mempcpy)
--27873-- REDIR: 0x5a23560 (operator new[](unsigned long)) redirected to 0x4c26d30 (operator new[](unsigned long))
--27873-- REDIR: 0x5a21520 (operator delete(void*)) redirected to 0x4c265c0 (operator delete(void*))
--27873-- REDIR: 0x5f01760 (strnlen) redirected to 0x4c280c0 (strnlen)
--27873-- REDIR: 0x5f019e0 (strncpy) redirected to 0x4c28340 (strncpy)
--27873-- REDIR: 0x5a21560 (operator delete[](void*)) redirected to 0x4c261a0 (operator delete[](void*))
--27873-- REDIR: 0x5f01860 (strncat) redirected to 0x4c27fe0 (strncat)
--27873-- REDIR: 0x5f02ff0 (memmove) redirected to 0x4c29dd0 (memmove)
--27873-- REDIR: 0x5f02c00 (bcmp) redirected to 0x4c29950 (bcmp)
--27873-- Reading syms from /home/OpenCL/users/shohaml/trunk/install/SLES64/Debug/bin/libcpu_device.so (0x6fa6000)
--27873-- REDIR: 0x5f042e0 (stpcpy) redirected to 0x4c299f0 (stpcpy)
--27873-- REDIR: 0x5f074a0 (rawmemchr) redirected to 0x4c29f00 (rawmemchr)
==27873== Syscall param write(buf) points to uninitialised byte(s)
==27873==    at 0x5F4A3D0: __write_nocancel (in /lib64/libc-2.11.1.so)
==27873==    by 0x5EF3F12: _IO_file_write@@GLIBC_2.2.5 (in /lib64/libc-2.11.1.so)
==27873==    by 0x5EF3B79: new_do_write (in /lib64/libc-2.11.1.so)
==27873==    by 0x5EF3EB4: _IO_do_write@@GLIBC_2.2.5 (in /lib64/libc-2.11.1.so)
==27873==    by 0x5EF3CD8: _IO_file_xsputn@@GLIBC_2.2.5 (in /lib64/libc-2.11.1.so)
==27873==    by 0x5EC665D: vfprintf (in /lib64/libc-2.11.1.so)
==27873==    by 0x5ED0AA9: printf (in /lib64/libc-2.11.1.so)
==27873==    by 0x492C04: printDeviceHeader (kernelHelpers.c:674)
==27873==    by 0x494E98: runTestHarnessWithCheck (testHarness.c:314)
==27873==    by 0x493DA0: runTestHarness (testHarness.c:55)
==27873==    by 0x40D20D: main (main.c:252)
==27873==  Address 0x4020016 is not stack'd, malloc'd or (recently) free'd
==27873==  Uninitialised value was created by a stack allocation
==27873==    at 0x505539C: Intel::OpenCL::Utils::CPUDetect::GetCPUInfo() (cl_cpu_detect.cpp:164)
==27873== 
{
   <insert_a_suppression_name_here>
   Memcheck:Param
   write(buf)
   fun:__write_nocancel
   fun:_IO_file_write@@GLIBC_2.2.5
   fun:new_do_write
   fun:_IO_do_write@@GLIBC_2.2.5
   fun:_IO_file_xsputn@@GLIBC_2.2.5
   fun:vfprintf
   fun:printf
   fun:printDeviceHeader
   fun:runTestHarnessWithCheck
   fun:runTestHarness
   fun:main
}
--27873-- REDIR: 0x5f00900 (index) redirected to 0x4c27ca0 (index)
--27873-- Reading syms from /home/OpenCL/users/shohaml/trunk/install/SLES64/Debug/bin/libOclCpuBackEnd.so (0x744f000)
--27873-- Reading syms from /home/OpenCL/users/shohaml/trunk/install/SLES64/Debug/bin/__ocl_svml_h8.so (0x8c3c000)
--27873-- memcheck GC: 1024 nodes, 1024 survivors (100.0%)
--27873-- memcheck GC: increase table size to 2048
--27873-- memcheck GC: 2048 nodes, 2048 survivors (100.0%)
--27873-- memcheck GC: increase table size to 4096
--27873-- memcheck GC: 4096 nodes, 3356 survivors ( 81.9%)
--27873-- memcheck GC: increase table size to 8192
--27873-- memcheck GC: 8192 nodes, 7168 survivors ( 87.5%)
--27873-- memcheck GC: increase table size to 16384
--27873-- memcheck GC: 16384 nodes, 14336 survivors ( 87.5%)
--27873-- memcheck GC: increase table size to 32768
--27873-- memcheck GC: 32768 nodes, 27925 survivors ( 85.2%)
--27873-- memcheck GC: increase table size to 65536
--27873-- memcheck GC: 65536 nodes, 56320 survivors ( 85.9%)
--27873-- memcheck GC: increase table size to 131072
--27873-- memcheck GC: 131072 nodes, 112653 survivors ( 85.9%)
--27873-- memcheck GC: increase table size to 262144
--27873-- memcheck GC: 262144 nodes, 224487 survivors ( 85.6%)
--27873-- memcheck GC: increase table size to 524288
--27873-- REDIR: 0x5efd8b0 (posix_memalign) redirected to 0x4c25db0 (posix_memalign)
--27873-- REDIR: 0x5a234c0 (operator new(unsigned long, std::nothrow_t const&)) redirected to 0x4c27100 (operator new(unsigned long, std::nothrow_t const&))
--27873-- Reading syms from /home/OpenCL/users/shohaml/trunk/install/SLES64/Debug/bin/libclang_compiler.so (0x24255000)
--27873-- REDIR: 0x5a21540 (operator delete(void*, std::nothrow_t const&)) redirected to 0x4c26460 (operator delete(void*, std::nothrow_t const&))
--27873-- Discarding syms at 0x7581cc0-0x81cd0d8 in /home/OpenCL/users/shohaml/trunk/install/SLES64/Debug/bin/libOclCpuBackEnd.so due to munmap()
==27873== 
==27873== HEAP SUMMARY:
==27873==     in use at exit: 494,897 bytes in 7,925 blocks
==27873==   total heap usage: 1,174,099 allocs, 1,166,174 frees, 320,216,786 bytes allocated
==27873== 
==27873== Searching for pointers to 7,925 not-freed blocks
==27873== Checked 75,101,760 bytes
==27873== 
==27873== 12 bytes in 1 blocks are indirectly lost in loss record 131 of 1,101
==27873==    at 0x4C2783D: malloc (in /usr/lib64/valgrind/vgpreload_memcheck-amd64-linux.so)
==27873==    by 0x76F5FE4: ???
==27873==    by 0x7AC5EFA: ???
==27873==    by 0x7AC6013: ???
==27873==    by 0x7AC53FB: ???
==27873==    by 0x7AC56D9: ???
==27873==    by 0x7AC62F5: ???
==27873==    by 0x7D33D72: ???
==27873==    by 0x7AC6342: ???
==27873==    by 0x7AC594B: ???
==27873==    by 0x7BCE635: ???
==27873==    by 0x7BCE691: ???
==27873==    by 0x7BCE6E7: ???
==27873==    by 0x7D33D72: ???
==27873==    by 0x7BCE316: ???
==27873==    by 0x7BCE391: ???
==27873==    by 0x7B93342: ???
==27873==    by 0x7FD1ACB: ???
==27873==    by 0x7FE1D26: ???
==27873==    by 0x7FE31FF: ???
==27873==    by 0x7FEA9E6: ???
==27873==    by 0x7FEAAD4: ???
==27873==    by 0x7F9C129: ???
==27873==    by 0x7F9DE4D: ???
==27873==    by 0x7F9E76B: ???
==27873==    by 0x7F9ECCB: ???
==27873==    by 0x7B8E661: ???
==27873==    by 0x7ADF82F: ???
==27873==    by 0x7ADFA2D: ???
==27873==    by 0x7ADF4ED: ???
==27873==    by 0x7AE0C9F: ???
==27873==    by 0x7AE0D02: ???
==27873==    by 0x7B4E380: ???
==27873==    by 0x7B4E4C5: ???
==27873==    by 0x7B4E676: ???
==27873==    by 0x75AD9DB: ???
==27873==    by 0x75A38AF: ???
==27873==    by 0x75A3D40: ???
==27873==    by 0x7594620: ???
==27873==    by 0x758B7DE: ???
==27873== 
{
   <insert_a_suppression_name_here>
   Memcheck:Leak
   fun:malloc
   obj:*
   obj:*
   obj:*
   obj:*
   obj:*
   obj:*
   obj:*
   obj:*
   obj:*
   obj:*
   obj:*
   obj:*
   obj:*
   obj:*
   obj:*
   obj:*
   obj:*
   obj:*
   obj:*
   obj:*
   obj:*
   obj:*
   obj:*
}
==27873== 13 bytes in 1 blocks are indirectly lost in loss record 132 of 1,101
==27873==    at 0x4C2783D: malloc (in /usr/lib64/valgrind/vgpreload_memcheck-amd64-linux.so)
==27873==    by 0x76F5FE4: ???
==27873==    by 0x7AC5EFA: ???
==27873==    by 0x7AC6013: ???
==27873==    by 0x7AC53FB: ???
==27873==    by 0x7AC5722: ???
==27873==    by 0x7AC62F5: ???
==27873==    by 0x7D33D72: ???
==27873==    by 0x7AC6342: ???
==27873==    by 0x7AC594B: ???
==27873==    by 0x7BCE635: ???
==27873==    by 0x7BCE691: ???
==27873==    by 0x7BCE6E7: ???
==27873==    by 0x7D33D72: ???
==27873==    by 0x7BCE316: ???
==27873==    by 0x7BCE391: ???
==27873==    by 0x7B93342: ???
==27873==    by 0x7FD1ACB: ???
==27873==    by 0x7FE1D26: ???
==27873==    by 0x7FE31FF: ???
==27873==    by 0x7FEA9E6: ???
==27873==    by 0x7FEAAD4: ???
==27873==    by 0x7F9C129: ???
==27873==    by 0x7F9DE4D: ???
==27873==    by 0x7F9E76B: ???
==27873==    by 0x7F9ECCB: ???
==27873==    by 0x7B8E661: ???
==27873==    by 0x7ADF82F: ???
==27873==    by 0x7ADFA2D: ???
==27873==    by 0x7ADF4ED: ???
==27873==    by 0x7AE0C9F: ???
==27873==    by 0x7AE0D02: ???
==27873==    by 0x7B4E380: ???
==27873==    by 0x7B4E4C5: ???
==27873==    by 0x7B4E676: ???
==27873==    by 0x75AD9DB: ???
==27873==    by 0x75A38AF: ???
==27873==    by 0x75A3D40: ???
==27873==    by 0x7594620: ???
==27873==    by 0x758B7DE: ???
==27873== 
{
   <insert_a_suppression_name_here>
   Memcheck:Leak
   fun:malloc
   obj:*
   obj:*
   obj:*
   obj:*
   obj:*
   obj:*
   obj:*
   obj:*
   obj:*
   obj:*
   obj:*
   obj:*
   obj:*
   obj:*
   obj:*
   obj:*
   obj:*
   obj:*
   obj:*
   obj:*
   obj:*
   obj:*
   obj:*
}
==27873== 13 bytes in 1 blocks are indirectly lost in loss record 133 of 1,101
==27873==    at 0x4C2783D: malloc (in /usr/lib64/valgrind/vgpreload_memcheck-amd64-linux.so)
==27873==    by 0x76F5FE4: ???
==27873==    by 0x7AC5EFA: ???
==27873==    by 0x7AC6013: ???
==27873==    by 0x7AC53FB: ???
==27873==    by 0x7AC576B: ???
==27873==    by 0x7AC62F5: ???
==27873==    by 0x7D33D72: ???
==27873==    by 0x7AC6342: ???
==27873==    by 0x7AC594B: ???
==27873==    by 0x7BCE635: ???
==27873==    by 0x7BCE691: ???
==27873==    by 0x7BCE6E7: ???
==27873==    by 0x7D33D72: ???
==27873==    by 0x7BCE316: ???
==27873==    by 0x7BCE391: ???
==27873==    by 0x7B93342: ???
==27873==    by 0x7FD1ACB: ???
==27873==    by 0x7FE1D26: ???
==27873==    by 0x7FE31FF: ???
==27873==    by 0x7FEA9E6: ???
==27873==    by 0x7FEAAD4: ???
==27873==    by 0x7F9C129: ???
==27873==    by 0x7F9DE4D: ???
==27873==    by 0x7F9E76B: ???
==27873==    by 0x7F9ECCB: ???
==27873==    by 0x7B8E661: ???
==27873==    by 0x7ADF82F: ???
==27873==    by 0x7ADFA2D: ???
==27873==    by 0x7ADF4ED: ???
==27873==    by 0x7AE0C9F: ???
==27873==    by 0x7AE0D02: ???
==27873==    by 0x7B4E380: ???
==27873==    by 0x7B4E4C5: ???
==27873==    by 0x7B4E676: ???
==27873==    by 0x75AD9DB: ???
==27873==    by 0x75A38AF: ???
==27873==    by 0x75A3D40: ???
==27873==    by 0x7594620: ???
==27873==    by 0x758B7DE: ???
==27873== 
{
   <insert_a_suppression_name_here>
   Memcheck:Leak
   fun:malloc
   obj:*
   obj:*
   obj:*
   obj:*
   obj:*
   obj:*
   obj:*
   obj:*
   obj:*
   obj:*
   obj:*
   obj:*
   obj:*
   obj:*
   obj:*
   obj:*
   obj:*
   obj:*
   obj:*
   obj:*
   obj:*
   obj:*
   obj:*
}
==27873== 19 bytes in 1 blocks are indirectly lost in loss record 217 of 1,101
==27873==    at 0x4C2783D: malloc (in /usr/lib64/valgrind/vgpreload_memcheck-amd64-linux.so)
==27873==    by 0x76F5FE4: ???
==27873==    by 0x7AC5EFA: ???
==27873==    by 0x7AC6013: ???
==27873==    by 0x7AC53FB: ???
==27873==    by 0x7AC57B4: ???
==27873==    by 0x7AC62F5: ???
==27873==    by 0x7D33D72: ???
==27873==    by 0x7AC6342: ???
==27873==    by 0x7AC594B: ???
==27873==    by 0x7BCE635: ???
==27873==    by 0x7BCE691: ???
==27873==    by 0x7BCE6E7: ???
==27873==    by 0x7D33D72: ???
==27873==    by 0x7BCE316: ???
==27873==    by 0x7BCE391: ???
==27873==    by 0x7B93342: ???
==27873==    by 0x7FD1ACB: ???
==27873==    by 0x7FE1D26: ???
==27873==    by 0x7FE31FF: ???
==27873==    by 0x7FEA9E6: ???
==27873==    by 0x7FEAAD4: ???
==27873==    by 0x7F9C129: ???
==27873==    by 0x7F9DE4D: ???
==27873==    by 0x7F9E76B: ???
==27873==    by 0x7F9ECCB: ???
==27873==    by 0x7B8E661: ???
==27873==    by 0x7ADF82F: ???
==27873==    by 0x7ADFA2D: ???
==27873==    by 0x7ADF4ED: ???
==27873==    by 0x7AE0C9F: ???
==27873==    by 0x7AE0D02: ???
==27873==    by 0x7B4E380: ???
==27873==    by 0x7B4E4C5: ???
==27873==    by 0x7B4E676: ???
==27873==    by 0x75AD9DB: ???
==27873==    by 0x75A38AF: ???
==27873==    by 0x75A3D40: ???
==27873==    by 0x7594620: ???
==27873==    by 0x758B7DE: ???
==27873== 
{
   <insert_a_suppression_name_here>
   Memcheck:Leak
   fun:malloc
   obj:*
   obj:*
   obj:*
   obj:*
   obj:*
   obj:*
   obj:*
   obj:*
   obj:*
   obj:*
   obj:*
   obj:*
   obj:*
   obj:*
   obj:*
   obj:*
   obj:*
   obj:*
   obj:*
   obj:*
   obj:*
   obj:*
   obj:*
}
==27873== 32 bytes in 1 blocks are still reachable in loss record 388 of 1,101
==27873==    at 0x4C27337: operator new(unsigned long) (in /usr/lib64/valgrind/vgpreload_memcheck-amd64-linux.so)
==27873==    by 0x4F7E2FA: Intel::OpenCL::Utils::ReferenceCountedObject::operator new(unsigned long) (cl_shared_ptr.h:100)
==27873==    by 0x663A3F9: Intel::OpenCL::TaskExecutor::SyncTask::Allocate() (base_command_list.h:48)
==27873==    by 0x6637A2E: Intel::OpenCL::TaskExecutor::base_command_list::base_command_list(bool, Intel::OpenCL::TaskExecutor::TBBTaskExecutor*, Intel::OpenCL::TaskExecutor::ArenaHandler&) (base_command_list.cpp:30)
==27873==    by 0x6631914: Intel::OpenCL::TaskExecutor::in_order_command_list::in_order_command_list(bool, Intel::OpenCL::TaskExecutor::TBBTaskExecutor*, Intel::OpenCL::TaskExecutor::ArenaHandler&) (base_command_list.h:193)
==27873==    by 0x663196E: Intel::OpenCL::TaskExecutor::in_order_command_list::Allocate(bool, Intel::OpenCL::TaskExecutor::TBBTaskExecutor*, Intel::OpenCL::TaskExecutor::ArenaHandler&) (base_command_list.h:184)
==27873==    by 0x662C3C2: Intel::OpenCL::TaskExecutor::TBBTaskExecutor::AllocateResources() (tbb_executor.cpp:612)
==27873==    by 0x662C702: Intel::OpenCL::TaskExecutor::TBBTaskExecutor::Activate() (tbb_executor.cpp:604)
==27873==    by 0x4FBD93F: Intel::OpenCL::Framework::Context::Context(long const*, unsigned int, unsigned int, Intel::OpenCL::Utils::SharedPtr<Intel::OpenCL::Framework::FissionableDevice>*, void (*)(char const*, void const*, unsigned long, void*), void*, int*, ocl_entry_points*, ocl_gpa_data*, Intel::OpenCL::Framework::ContextModule const&) (Context.cpp:82)
==27873==    by 0x4FA5FD9: Intel::OpenCL::Framework::Context::Allocate(long const*, unsigned int, unsigned int, Intel::OpenCL::Utils::SharedPtr<Intel::OpenCL::Framework::FissionableDevice>*, void (*)(char const*, void const*, unsigned long, void*), void*, int*, ocl_entry_points*, ocl_gpa_data*, Intel::OpenCL::Framework::ContextModule const&) (Context.h:88)
==27873==    by 0x4F93574: Intel::OpenCL::Framework::ContextModule::CreateContext(long const*, unsigned int, _cl_device_id* const*, void (*)(char const*, void const*, unsigned long, void*), void*, int*) (context_module.cpp:278)
==27873==    by 0x4F870D2: clCreateContext (cl_framework.cpp:145)
==27873==    by 0x49640B: callSingleTestFunction (testHarness.c:616)
==27873==    by 0x4962F5: callTestFunctions (testHarness.c:589)
==27873==    by 0x495F98: parseAndCallCommandLineTests (testHarness.c:522)
==27873==    by 0x495BD0: runTestHarnessWithCheck (testHarness.c:456)
==27873==    by 0x493DA0: runTestHarness (testHarness.c:55)
==27873==    by 0x40D20D: main (main.c:252)
==27873== 
{
   <insert_a_suppression_name_here>
   Memcheck:Leak
   fun:_Znwm
   fun:_ZN5Intel6OpenCL5Utils22ReferenceCountedObjectnwEm
   fun:_ZN5Intel6OpenCL12TaskExecutor8SyncTask8AllocateEv
   fun:_ZN5Intel6OpenCL12TaskExecutor17base_command_listC2EbPNS1_15TBBTaskExecutorERNS1_12ArenaHandlerE
   fun:_ZN5Intel6OpenCL12TaskExecutor21in_order_command_listC1EbPNS1_15TBBTaskExecutorERNS1_12ArenaHandlerE
   fun:_ZN5Intel6OpenCL12TaskExecutor21in_order_command_list8AllocateEbPNS1_15TBBTaskExecutorERNS1_12ArenaHandlerE
   fun:_ZN5Intel6OpenCL12TaskExecutor15TBBTaskExecutor17AllocateResourcesEv
   fun:_ZN5Intel6OpenCL12TaskExecutor15TBBTaskExecutor8ActivateEv
   fun:_ZN5Intel6OpenCL9Framework7ContextC1EPKljjPNS0_5Utils9SharedPtrINS1_17FissionableDeviceEEEPFvPKcPKvmPvESE_PiP16ocl_entry_pointsP12ocl_gpa_dataRKNS1_13ContextModuleE
   fun:_ZN5Intel6OpenCL9Framework7Context8AllocateEPKljjPNS0_5Utils9SharedPtrINS1_17FissionableDeviceEEEPFvPKcPKvmPvESE_PiP16ocl_entry_pointsP12ocl_gpa_dataRKNS1_13ContextModuleE
   fun:_ZN5Intel6OpenCL9Framework13ContextModule13CreateContextEPKljPKP13_cl_device_idPFvPKcPKvmPvESD_Pi
   fun:clCreateContext
   fun:callSingleTestFunction
   fun:callTestFunctions
   fun:parseAndCallCommandLineTests
   fun:runTestHarnessWithCheck
   fun:runTestHarness
   fun:main
}
==27873== 32 bytes in 1 blocks are still reachable in loss record 389 of 1,101
==27873==    at 0x4C27337: operator new(unsigned long) (in /usr/lib64/valgrind/vgpreload_memcheck-amd64-linux.so)
==27873==    by 0x4F7E2FA: Intel::OpenCL::Utils::ReferenceCountedObject::operator new(unsigned long) (cl_shared_ptr.h:100)
==27873==    by 0x663A3F9: Intel::OpenCL::TaskExecutor::SyncTask::Allocate() (base_command_list.h:48)
==27873==    by 0x6637A2E: Intel::OpenCL::TaskExecutor::base_command_list::base_command_list(bool, Intel::OpenCL::TaskExecutor::TBBTaskExecutor*, Intel::OpenCL::TaskExecutor::ArenaHandler&) (base_command_list.cpp:30)
==27873==    by 0x6631914: Intel::OpenCL::TaskExecutor::in_order_command_list::in_order_command_list(bool, Intel::OpenCL::TaskExecutor::TBBTaskExecutor*, Intel::OpenCL::TaskExecutor::ArenaHandler&) (base_command_list.h:193)
==27873==    by 0x663196E: Intel::OpenCL::TaskExecutor::in_order_command_list::Allocate(bool, Intel::OpenCL::TaskExecutor::TBBTaskExecutor*, Intel::OpenCL::TaskExecutor::ArenaHandler&) (base_command_list.h:184)
==27873==    by 0x662BEEE: Intel::OpenCL::TaskExecutor::TBBTaskExecutor::CreateTaskList(Intel::OpenCL::TaskExecutor::CommandListCreationParam*, void*) (tbb_executor.cpp:669)
==27873==    by 0x70028AC: Intel::OpenCL::CPUDevice::TaskDispatcher::createCommandList(cl_dev_cmd_list_props, void*, void**) (task_dispatcher.cpp:317)
==27873==    by 0x6FF5FE8: Intel::OpenCL::CPUDevice::CPUDevice::clDevCreateCommandList(cl_dev_cmd_list_props, void*, void**) (cpu_device.cpp:1742)
==27873==    by 0x4FF1792: Intel::OpenCL::Framework::OclCommandQueue::Initialize() (ocl_command_queue.cpp:191)
==27873==    by 0x4FE9193: Intel::OpenCL::Framework::ExecutionModule::CreateCommandQueue(_cl_context*, _cl_device_id*, unsigned long, int*) (execution_module.cpp:164)
==27873==    by 0x4F86C05: clCreateCommandQueue (cl_framework.cpp:188)
==27873==    by 0x49649D: callSingleTestFunction (testHarness.c:623)
==27873==    by 0x4962F5: callTestFunctions (testHarness.c:589)
==27873==    by 0x495F98: parseAndCallCommandLineTests (testHarness.c:522)
==27873==    by 0x495BD0: runTestHarnessWithCheck (testHarness.c:456)
==27873==    by 0x493DA0: runTestHarness (testHarness.c:55)
==27873==    by 0x40D20D: main (main.c:252)
==27873== 
{
   <insert_a_suppression_name_here>
   Memcheck:Leak
   fun:_Znwm
   fun:_ZN5Intel6OpenCL5Utils22ReferenceCountedObjectnwEm
   fun:_ZN5Intel6OpenCL12TaskExecutor8SyncTask8AllocateEv
   fun:_ZN5Intel6OpenCL12TaskExecutor17base_command_listC2EbPNS1_15TBBTaskExecutorERNS1_12ArenaHandlerE
   fun:_ZN5Intel6OpenCL12TaskExecutor21in_order_command_listC1EbPNS1_15TBBTaskExecutorERNS1_12ArenaHandlerE
   fun:_ZN5Intel6OpenCL12TaskExecutor21in_order_command_list8AllocateEbPNS1_15TBBTaskExecutorERNS1_12ArenaHandlerE
   fun:_ZN5Intel6OpenCL12TaskExecutor15TBBTaskExecutor14CreateTaskListEPNS1_24CommandListCreationParamEPv
   fun:_ZN5Intel6OpenCL9CPUDevice14TaskDispatcher17createCommandListE21cl_dev_cmd_list_propsPvPS4_
   fun:_ZN5Intel6OpenCL9CPUDevice9CPUDevice22clDevCreateCommandListE21cl_dev_cmd_list_propsPvPS4_
   fun:_ZN5Intel6OpenCL9Framework15OclCommandQueue10InitializeEv
   fun:_ZN5Intel6OpenCL9Framework15ExecutionModule18CreateCommandQueueEP11_cl_contextP13_cl_device_idmPi
   fun:clCreateCommandQueue
   fun:callSingleTestFunction
   fun:callTestFunctions
   fun:parseAndCallCommandLineTests
   fun:runTestHarnessWithCheck
   fun:runTestHarness
   fun:main
}
==27873== 48 bytes in 1 blocks are still reachable in loss record 622 of 1,101
==27873==    at 0x4C27337: operator new(unsigned long) (in /usr/lib64/valgrind/vgpreload_memcheck-amd64-linux.so)
==27873==    by 0x663F57C: __gnu_cxx::new_allocator<std::_Rb_tree_node<Intel::OpenCL::Utils::SharedPtr<Intel::OpenCL::TaskExecutor::base_command_list> > >::allocate(unsigned long, void const*) (new_allocator.h:92)
==27873==    by 0x663F5A1: std::_Rb_tree<Intel::OpenCL::Utils::SharedPtr<Intel::OpenCL::TaskExecutor::base_command_list>, Intel::OpenCL::Utils::SharedPtr<Intel::OpenCL::TaskExecutor::base_command_list>, std::_Identity<Intel::OpenCL::Utils::SharedPtr<Intel::OpenCL::TaskExecutor::base_command_list> >, std::less<Intel::OpenCL::Utils::SharedPtr<Intel::OpenCL::TaskExecutor::base_command_list> >, std::allocator<Intel::OpenCL::Utils::SharedPtr<Intel::OpenCL::TaskExecutor::base_command_list> > >::_M_get_node() (stl_tree.h:357)
==27873==    by 0x6640AE9: std::_Rb_tree<Intel::OpenCL::Utils::SharedPtr<Intel::OpenCL::TaskExecutor::base_command_list>, Intel::OpenCL::Utils::SharedPtr<Intel::OpenCL::TaskExecutor::base_command_list>, std::_Identity<Intel::OpenCL::Utils::SharedPtr<Intel::OpenCL::TaskExecutor::base_command_list> >, std::less<Intel::OpenCL::Utils::SharedPtr<Intel::OpenCL::TaskExecutor::base_command_list> >, std::allocator<Intel::OpenCL::Utils::SharedPtr<Intel::OpenCL::TaskExecutor::base_command_list> > >::_M_create_node(Intel::OpenCL::Utils::SharedPtr<Intel::OpenCL::TaskExecutor::base_command_list> const&) (stl_tree.h:366)
==27873==    by 0x6640C02: std::_Rb_tree<Intel::OpenCL::Utils::SharedPtr<Intel::OpenCL::TaskExecutor::base_command_list>, Intel::OpenCL::Utils::SharedPtr<Intel::OpenCL::TaskExecutor::base_command_list>, std::_Identity<Intel::OpenCL::Utils::SharedPtr<Intel::OpenCL::TaskExecutor::base_command_list> >, std::less<Intel::OpenCL::Utils::SharedPtr<Intel::OpenCL::TaskExecutor::base_command_list> >, std::allocator<Intel::OpenCL::Utils::SharedPtr<Intel::OpenCL::TaskExecutor::base_command_list> > >::_M_insert_(std::_Rb_tree_node_base const*, std::_Rb_tree_node_base const*, Intel::OpenCL::Utils::SharedPtr<Intel::OpenCL::TaskExecutor::base_command_list> const&) (stl_tree.h:852)
==27873==    by 0x6640D51: std::_Rb_tree<Intel::OpenCL::Utils::SharedPtr<Intel::OpenCL::TaskExecutor::base_command_list>, Intel::OpenCL::Utils::SharedPtr<Intel::OpenCL::TaskExecutor::base_command_list>, std::_Identity<Intel::OpenCL::Utils::SharedPtr<Intel::OpenCL::TaskExecutor::base_command_list> >, std::less<Intel::OpenCL::Utils::SharedPtr<Intel::OpenCL::TaskExecutor::base_command_list> >, std::allocator<Intel::OpenCL::Utils::SharedPtr<Intel::OpenCL::TaskExecutor::base_command_list> > >::_M_insert_unique(Intel::OpenCL::Utils::SharedPtr<Intel::OpenCL::TaskExecutor::base_command_list> const&) (stl_tree.h:1148)
==27873==    by 0x6640E6E: std::set<Intel::OpenCL::Utils::SharedPtr<Intel::OpenCL::TaskExecutor::base_command_list>, std::less<Intel::OpenCL::Utils::SharedPtr<Intel::OpenCL::TaskExecutor::base_command_list> >, std::allocator<Intel::OpenCL::Utils::SharedPtr<Intel::OpenCL::TaskExecutor::base_command_list> > >::insert(Intel::OpenCL::Utils::SharedPtr<Intel::OpenCL::TaskExecutor::base_command_list> const&) (stl_set.h:381)
==27873==    by 0x663BB85: Intel::OpenCL::TaskExecutor::ArenaHandler::AddCommandList(Intel::OpenCL::Utils::SharedPtr<Intel::OpenCL::TaskExecutor::base_command_list> const&) (arena_handler.cpp:183)
==27873==    by 0x6637A98: Intel::OpenCL::TaskExecutor::base_command_list::base_command_list(bool, Intel::OpenCL::TaskExecutor::TBBTaskExecutor*, Intel::OpenCL::TaskExecutor::ArenaHandler&) (base_command_list.cpp:34)
==27873==    by 0x6631914: Intel::OpenCL::TaskExecutor::in_order_command_list::in_order_command_list(bool, Intel::OpenCL::TaskExecutor::TBBTaskExecutor*, Intel::OpenCL::TaskExecutor::ArenaHandler&) (base_command_list.h:193)
==27873==    by 0x663196E: Intel::OpenCL::TaskExecutor::in_order_command_list::Allocate(bool, Intel::OpenCL::TaskExecutor::TBBTaskExecutor*, Intel::OpenCL::TaskExecutor::ArenaHandler&) (base_command_list.h:184)
==27873==    by 0x662C3C2: Intel::OpenCL::TaskExecutor::TBBTaskExecutor::AllocateResources() (tbb_executor.cpp:612)
==27873==    by 0x662C702: Intel::OpenCL::TaskExecutor::TBBTaskExecutor::Activate() (tbb_executor.cpp:604)
==27873==    by 0x4FBD93F: Intel::OpenCL::Framework::Context::Context(long const*, unsigned int, unsigned int, Intel::OpenCL::Utils::SharedPtr<Intel::OpenCL::Framework::FissionableDevice>*, void (*)(char const*, void const*, unsigned long, void*), void*, int*, ocl_entry_points*, ocl_gpa_data*, Intel::OpenCL::Framework::ContextModule const&) (Context.cpp:82)
==27873==    by 0x4FA5FD9: Intel::OpenCL::Framework::Context::Allocate(long const*, unsigned int, unsigned int, Intel::OpenCL::Utils::SharedPtr<Intel::OpenCL::Framework::FissionableDevice>*, void (*)(char const*, void const*, unsigned long, void*), void*, int*, ocl_entry_points*, ocl_gpa_data*, Intel::OpenCL::Framework::ContextModule const&) (Context.h:88)
==27873==    by 0x4F93574: Intel::OpenCL::Framework::ContextModule::CreateContext(long const*, unsigned int, _cl_device_id* const*, void (*)(char const*, void const*, unsigned long, void*), void*, int*) (context_module.cpp:278)
==27873==    by 0x4F870D2: clCreateContext (cl_framework.cpp:145)
==27873==    by 0x49640B: callSingleTestFunction (testHarness.c:616)
==27873==    by 0x4962F5: callTestFunctions (testHarness.c:589)
==27873==    by 0x495F98: parseAndCallCommandLineTests (testHarness.c:522)
==27873==    by 0x495BD0: runTestHarnessWithCheck (testHarness.c:456)
==27873==    by 0x493DA0: runTestHarness (testHarness.c:55)
==27873==    by 0x40D20D: main (main.c:252)
==27873== 
{
   <insert_a_suppression_name_here>
   Memcheck:Leak
   fun:_Znwm
   fun:_ZN9__gnu_cxx13new_allocatorISt13_Rb_tree_nodeIN5Intel6OpenCL5Utils9SharedPtrINS3_12TaskExecutor17base_command_listEEEEE8allocateEmPKv
   fun:_ZNSt8_Rb_treeIN5Intel6OpenCL5Utils9SharedPtrINS1_12TaskExecutor17base_command_listEEES6_St9_IdentityIS6_ESt4lessIS6_ESaIS6_EE11_M_get_nodeEv
   fun:_ZNSt8_Rb_treeIN5Intel6OpenCL5Utils9SharedPtrINS1_12TaskExecutor17base_command_listEEES6_St9_IdentityIS6_ESt4lessIS6_ESaIS6_EE14_M_create_nodeERKS6_
   fun:_ZNSt8_Rb_treeIN5Intel6OpenCL5Utils9SharedPtrINS1_12TaskExecutor17base_command_listEEES6_St9_IdentityIS6_ESt4lessIS6_ESaIS6_EE10_M_insert_EPKSt18_Rb_tree_node_baseSF_RKS6_
   fun:_ZNSt8_Rb_treeIN5Intel6OpenCL5Utils9SharedPtrINS1_12TaskExecutor17base_command_listEEES6_St9_IdentityIS6_ESt4lessIS6_ESaIS6_EE16_M_insert_uniqueERKS6_
   fun:_ZNSt3setIN5Intel6OpenCL5Utils9SharedPtrINS1_12TaskExecutor17base_command_listEEESt4lessIS6_ESaIS6_EE6insertERKS6_
   fun:_ZN5Intel6OpenCL12TaskExecutor12ArenaHandler14AddCommandListERKNS0_5Utils9SharedPtrINS1_17base_command_listEEE
   fun:_ZN5Intel6OpenCL12TaskExecutor17base_command_listC2EbPNS1_15TBBTaskExecutorERNS1_12ArenaHandlerE
   fun:_ZN5Intel6OpenCL12TaskExecutor21in_order_command_listC1EbPNS1_15TBBTaskExecutorERNS1_12ArenaHandlerE
   fun:_ZN5Intel6OpenCL12TaskExecutor21in_order_command_list8AllocateEbPNS1_15TBBTaskExecutorERNS1_12ArenaHandlerE
   fun:_ZN5Intel6OpenCL12TaskExecutor15TBBTaskExecutor17AllocateResourcesEv
   fun:_ZN5Intel6OpenCL12TaskExecutor15TBBTaskExecutor8ActivateEv
   fun:_ZN5Intel6OpenCL9Framework7ContextC1EPKljjPNS0_5Utils9SharedPtrINS1_17FissionableDeviceEEEPFvPKcPKvmPvESE_PiP16ocl_entry_pointsP12ocl_gpa_dataRKNS1_13ContextModuleE
   fun:_ZN5Intel6OpenCL9Framework7Context8AllocateEPKljjPNS0_5Utils9SharedPtrINS1_17FissionableDeviceEEEPFvPKcPKvmPvESE_PiP16ocl_entry_pointsP12ocl_gpa_dataRKNS1_13ContextModuleE
   fun:_ZN5Intel6OpenCL9Framework13ContextModule13CreateContextEPKljPKP13_cl_device_idPFvPKcPKvmPvESD_Pi
   fun:clCreateContext
   fun:callSingleTestFunction
   fun:callTestFunctions
   fun:parseAndCallCommandLineTests
   fun:runTestHarnessWithCheck
   fun:runTestHarness
   fun:main
}
==27873== 48 bytes in 1 blocks are still reachable in loss record 625 of 1,101
==27873==    at 0x4C27337: operator new(unsigned long) (in /usr/lib64/valgrind/vgpreload_memcheck-amd64-linux.so)
==27873==    by 0x663F57C: __gnu_cxx::new_allocator<std::_Rb_tree_node<Intel::OpenCL::Utils::SharedPtr<Intel::OpenCL::TaskExecutor::base_command_list> > >::allocate(unsigned long, void const*) (new_allocator.h:92)
==27873==    by 0x663F5A1: std::_Rb_tree<Intel::OpenCL::Utils::SharedPtr<Intel::OpenCL::TaskExecutor::base_command_list>, Intel::OpenCL::Utils::SharedPtr<Intel::OpenCL::TaskExecutor::base_command_list>, std::_Identity<Intel::OpenCL::Utils::SharedPtr<Intel::OpenCL::TaskExecutor::base_command_list> >, std::less<Intel::OpenCL::Utils::SharedPtr<Intel::OpenCL::TaskExecutor::base_command_list> >, std::allocator<Intel::OpenCL::Utils::SharedPtr<Intel::OpenCL::TaskExecutor::base_command_list> > >::_M_get_node() (stl_tree.h:357)
==27873==    by 0x6640AE9: std::_Rb_tree<Intel::OpenCL::Utils::SharedPtr<Intel::OpenCL::TaskExecutor::base_command_list>, Intel::OpenCL::Utils::SharedPtr<Intel::OpenCL::TaskExecutor::base_command_list>, std::_Identity<Intel::OpenCL::Utils::SharedPtr<Intel::OpenCL::TaskExecutor::base_command_list> >, std::less<Intel::OpenCL::Utils::SharedPtr<Intel::OpenCL::TaskExecutor::base_command_list> >, std::allocator<Intel::OpenCL::Utils::SharedPtr<Intel::OpenCL::TaskExecutor::base_command_list> > >::_M_create_node(Intel::OpenCL::Utils::SharedPtr<Intel::OpenCL::TaskExecutor::base_command_list> const&) (stl_tree.h:366)
==27873==    by 0x6640C02: std::_Rb_tree<Intel::OpenCL::Utils::SharedPtr<Intel::OpenCL::TaskExecutor::base_command_list>, Intel::OpenCL::Utils::SharedPtr<Intel::OpenCL::TaskExecutor::base_command_list>, std::_Identity<Intel::OpenCL::Utils::SharedPtr<Intel::OpenCL::TaskExecutor::base_command_list> >, std::less<Intel::OpenCL::Utils::SharedPtr<Intel::OpenCL::TaskExecutor::base_command_list> >, std::allocator<Intel::OpenCL::Utils::SharedPtr<Intel::OpenCL::TaskExecutor::base_command_list> > >::_M_insert_(std::_Rb_tree_node_base const*, std::_Rb_tree_node_base const*, Intel::OpenCL::Utils::SharedPtr<Intel::OpenCL::TaskExecutor::base_command_list> const&) (stl_tree.h:852)
==27873==    by 0x6640DDA: std::_Rb_tree<Intel::OpenCL::Utils::SharedPtr<Intel::OpenCL::TaskExecutor::base_command_list>, Intel::OpenCL::Utils::SharedPtr<Intel::OpenCL::TaskExecutor::base_command_list>, std::_Identity<Intel::OpenCL::Utils::SharedPtr<Intel::OpenCL::TaskExecutor::base_command_list> >, std::less<Intel::OpenCL::Utils::SharedPtr<Intel::OpenCL::TaskExecutor::base_command_list> >, std::allocator<Intel::OpenCL::Utils::SharedPtr<Intel::OpenCL::TaskExecutor::base_command_list> > >::_M_insert_unique(Intel::OpenCL::Utils::SharedPtr<Intel::OpenCL::TaskExecutor::base_command_list> const&) (stl_tree.h:1153)
==27873==    by 0x6640E6E: std::set<Intel::OpenCL::Utils::SharedPtr<Intel::OpenCL::TaskExecutor::base_command_list>, std::less<Intel::OpenCL::Utils::SharedPtr<Intel::OpenCL::TaskExecutor::base_command_list> >, std::allocator<Intel::OpenCL::Utils::SharedPtr<Intel::OpenCL::TaskExecutor::base_command_list> > >::insert(Intel::OpenCL::Utils::SharedPtr<Intel::OpenCL::TaskExecutor::base_command_list> const&) (stl_set.h:381)
==27873==    by 0x663BB85: Intel::OpenCL::TaskExecutor::ArenaHandler::AddCommandList(Intel::OpenCL::Utils::SharedPtr<Intel::OpenCL::TaskExecutor::base_command_list> const&) (arena_handler.cpp:183)
==27873==    by 0x6637A98: Intel::OpenCL::TaskExecutor::base_command_list::base_command_list(bool, Intel::OpenCL::TaskExecutor::TBBTaskExecutor*, Intel::OpenCL::TaskExecutor::ArenaHandler&) (base_command_list.cpp:34)
==27873==    by 0x6631914: Intel::OpenCL::TaskExecutor::in_order_command_list::in_order_command_list(bool, Intel::OpenCL::TaskExecutor::TBBTaskExecutor*, Intel::OpenCL::TaskExecutor::ArenaHandler&) (base_command_list.h:193)
==27873==    by 0x663196E: Intel::OpenCL::TaskExecutor::in_order_command_list::Allocate(bool, Intel::OpenCL::TaskExecutor::TBBTaskExecutor*, Intel::OpenCL::TaskExecutor::ArenaHandler&) (base_command_list.h:184)
==27873==    by 0x662BEEE: Intel::OpenCL::TaskExecutor::TBBTaskExecutor::CreateTaskList(Intel::OpenCL::TaskExecutor::CommandListCreationParam*, void*) (tbb_executor.cpp:669)
==27873==    by 0x70028AC: Intel::OpenCL::CPUDevice::TaskDispatcher::createCommandList(cl_dev_cmd_list_props, void*, void**) (task_dispatcher.cpp:317)
==27873==    by 0x6FF5FE8: Intel::OpenCL::CPUDevice::CPUDevice::clDevCreateCommandList(cl_dev_cmd_list_props, void*, void**) (cpu_device.cpp:1742)
==27873==    by 0x4FF1792: Intel::OpenCL::Framework::OclCommandQueue::Initialize() (ocl_command_queue.cpp:191)
==27873==    by 0x4FE9193: Intel::OpenCL::Framework::ExecutionModule::CreateCommandQueue(_cl_context*, _cl_device_id*, unsigned long, int*) (execution_module.cpp:164)
==27873==    by 0x4F86C05: clCreateCommandQueue (cl_framework.cpp:188)
==27873==    by 0x49649D: callSingleTestFunction (testHarness.c:623)
==27873==    by 0x4962F5: callTestFunctions (testHarness.c:589)
==27873==    by 0x495F98: parseAndCallCommandLineTests (testHarness.c:522)
==27873==    by 0x495BD0: runTestHarnessWithCheck (testHarness.c:456)
==27873==    by 0x493DA0: runTestHarness (testHarness.c:55)
==27873==    by 0x40D20D: main (main.c:252)
==27873== 
{
   <insert_a_suppression_name_here>
   Memcheck:Leak
   fun:_Znwm
   fun:_ZN9__gnu_cxx13new_allocatorISt13_Rb_tree_nodeIN5Intel6OpenCL5Utils9SharedPtrINS3_12TaskExecutor17base_command_listEEEEE8allocateEmPKv
   fun:_ZNSt8_Rb_treeIN5Intel6OpenCL5Utils9SharedPtrINS1_12TaskExecutor17base_command_listEEES6_St9_IdentityIS6_ESt4lessIS6_ESaIS6_EE11_M_get_nodeEv
   fun:_ZNSt8_Rb_treeIN5Intel6OpenCL5Utils9SharedPtrINS1_12TaskExecutor17base_command_listEEES6_St9_IdentityIS6_ESt4lessIS6_ESaIS6_EE14_M_create_nodeERKS6_
   fun:_ZNSt8_Rb_treeIN5Intel6OpenCL5Utils9SharedPtrINS1_12TaskExecutor17base_command_listEEES6_St9_IdentityIS6_ESt4lessIS6_ESaIS6_EE10_M_insert_EPKSt18_Rb_tree_node_baseSF_RKS6_
   fun:_ZNSt8_Rb_treeIN5Intel6OpenCL5Utils9SharedPtrINS1_12TaskExecutor17base_command_listEEES6_St9_IdentityIS6_ESt4lessIS6_ESaIS6_EE16_M_insert_uniqueERKS6_
   fun:_ZNSt3setIN5Intel6OpenCL5Utils9SharedPtrINS1_12TaskExecutor17base_command_listEEESt4lessIS6_ESaIS6_EE6insertERKS6_
   fun:_ZN5Intel6OpenCL12TaskExecutor12ArenaHandler14AddCommandListERKNS0_5Utils9SharedPtrINS1_17base_command_listEEE
   fun:_ZN5Intel6OpenCL12TaskExecutor17base_command_listC2EbPNS1_15TBBTaskExecutorERNS1_12ArenaHandlerE
   fun:_ZN5Intel6OpenCL12TaskExecutor21in_order_command_listC1EbPNS1_15TBBTaskExecutorERNS1_12ArenaHandlerE
   fun:_ZN5Intel6OpenCL12TaskExecutor21in_order_command_list8AllocateEbPNS1_15TBBTaskExecutorERNS1_12ArenaHandlerE
   fun:_ZN5Intel6OpenCL12TaskExecutor15TBBTaskExecutor14CreateTaskListEPNS1_24CommandListCreationParamEPv
   fun:_ZN5Intel6OpenCL9CPUDevice14TaskDispatcher17createCommandListE21cl_dev_cmd_list_propsPvPS4_
   fun:_ZN5Intel6OpenCL9CPUDevice9CPUDevice22clDevCreateCommandListE21cl_dev_cmd_list_propsPvPS4_
   fun:_ZN5Intel6OpenCL9Framework15OclCommandQueue10InitializeEv
   fun:_ZN5Intel6OpenCL9Framework15ExecutionModule18CreateCommandQueueEP11_cl_contextP13_cl_device_idmPi
   fun:clCreateCommandQueue
   fun:callSingleTestFunction
   fun:callTestFunctions
   fun:parseAndCallCommandLineTests
   fun:runTestHarnessWithCheck
   fun:runTestHarness
   fun:main
}
==27873== 64 bytes in 1 blocks are still reachable in loss record 755 of 1,101
==27873==    at 0x4C27337: operator new(unsigned long) (in /usr/lib64/valgrind/vgpreload_memcheck-amd64-linux.so)
==27873==    by 0x66396EC: __gnu_cxx::new_allocator<Intel::OpenCL::Utils::SharedPtr<Intel::OpenCL::TaskExecutor::ITaskBase>*>::allocate(unsigned long, void const*) (new_allocator.h:92)
==27873==    by 0x6639721: std::_Deque_base<Intel::OpenCL::Utils::SharedPtr<Intel::OpenCL::TaskExecutor::ITaskBase>, std::allocator<Intel::OpenCL::Utils::SharedPtr<Intel::OpenCL::TaskExecutor::ITaskBase> > >::_M_allocate_map(unsigned long) (stl_deque.h:459)
==27873==    by 0x6639896: std::_Deque_base<Intel::OpenCL::Utils::SharedPtr<Intel::OpenCL::TaskExecutor::ITaskBase>, std::allocator<Intel::OpenCL::Utils::SharedPtr<Intel::OpenCL::TaskExecutor::ITaskBase> > >::_M_initialize_map(unsigned long) (stl_deque.h:504)
==27873==    by 0x6639A6A: std::_Deque_base<Intel::OpenCL::Utils::SharedPtr<Intel::OpenCL::TaskExecutor::ITaskBase>, std::allocator<Intel::OpenCL::Utils::SharedPtr<Intel::OpenCL::TaskExecutor::ITaskBase> > >::_Deque_base(std::allocator<Intel::OpenCL::Utils::SharedPtr<Intel::OpenCL::TaskExecutor::ITaskBase> > const&, unsigned long) (stl_deque.h:383)
==27873==    by 0x663A167: std::deque<Intel::OpenCL::Utils::SharedPtr<Intel::OpenCL::TaskExecutor::ITaskBase>, std::allocator<Intel::OpenCL::Utils::SharedPtr<Intel::OpenCL::TaskExecutor::ITaskBase> > >::deque(std::deque<Intel::OpenCL::Utils::SharedPtr<Intel::OpenCL::TaskExecutor::ITaskBase>, std::allocator<Intel::OpenCL::Utils::SharedPtr<Intel::OpenCL::TaskExecutor::ITaskBase> > > const&) (stl_deque.h:728)
==27873==    by 0x663A254: std::queue<Intel::OpenCL::Utils::SharedPtr<Intel::OpenCL::TaskExecutor::ITaskBase>, std::deque<Intel::OpenCL::Utils::SharedPtr<Intel::OpenCL::TaskExecutor::ITaskBase>, std::allocator<Intel::OpenCL::Utils::SharedPtr<Intel::OpenCL::TaskExecutor::ITaskBase> > > >::queue(std::deque<Intel::OpenCL::Utils::SharedPtr<Intel::OpenCL::TaskExecutor::ITaskBase>, std::allocator<Intel::OpenCL::Utils::SharedPtr<Intel::OpenCL::TaskExecutor::ITaskBase> > > const&) (stl_queue.h:137)
==27873==    by 0x663B7AA: Intel::OpenCL::Utils::OclNaiveConcurrentQueue<Intel::OpenCL::Utils::SharedPtr<Intel::OpenCL::TaskExecutor::ITaskBase> >::OclNaiveConcurrentQueue() (cl_synch_objects.h:315)
==27873==    by 0x6637A1E: Intel::OpenCL::TaskExecutor::base_command_list::base_command_list(bool, Intel::OpenCL::TaskExecutor::TBBTaskExecutor*, Intel::OpenCL::TaskExecutor::ArenaHandler&) (base_command_list.cpp:30)
==27873==    by 0x6631914: Intel::OpenCL::TaskExecutor::in_order_command_list::in_order_command_list(bool, Intel::OpenCL::TaskExecutor::TBBTaskExecutor*, Intel::OpenCL::TaskExecutor::ArenaHandler&) (base_command_list.h:193)
==27873==    by 0x663196E: Intel::OpenCL::TaskExecutor::in_order_command_list::Allocate(bool, Intel::OpenCL::TaskExecutor::TBBTaskExecutor*, Intel::OpenCL::TaskExecutor::ArenaHandler&) (base_command_list.h:184)
==27873==    by 0x662C3C2: Intel::OpenCL::TaskExecutor::TBBTaskExecutor::AllocateResources() (tbb_executor.cpp:612)
==27873==    by 0x662C702: Intel::OpenCL::TaskExecutor::TBBTaskExecutor::Activate() (tbb_executor.cpp:604)
==27873==    by 0x4FBD93F: Intel::OpenCL::Framework::Context::Context(long const*, unsigned int, unsigned int, Intel::OpenCL::Utils::SharedPtr<Intel::OpenCL::Framework::FissionableDevice>*, void (*)(char const*, void const*, unsigned long, void*), void*, int*, ocl_entry_points*, ocl_gpa_data*, Intel::OpenCL::Framework::ContextModule const&) (Context.cpp:82)
==27873==    by 0x4FA5FD9: Intel::OpenCL::Framework::Context::Allocate(long const*, unsigned int, unsigned int, Intel::OpenCL::Utils::SharedPtr<Intel::OpenCL::Framework::FissionableDevice>*, void (*)(char const*, void const*, unsigned long, void*), void*, int*, ocl_entry_points*, ocl_gpa_data*, Intel::OpenCL::Framework::ContextModule const&) (Context.h:88)
==27873==    by 0x4F93574: Intel::OpenCL::Framework::ContextModule::CreateContext(long const*, unsigned int, _cl_device_id* const*, void (*)(char const*, void const*, unsigned long, void*), void*, int*) (context_module.cpp:278)
==27873==    by 0x4F870D2: clCreateContext (cl_framework.cpp:145)
==27873==    by 0x49640B: callSingleTestFunction (testHarness.c:616)
==27873==    by 0x4962F5: callTestFunctions (testHarness.c:589)
==27873==    by 0x495F98: parseAndCallCommandLineTests (testHarness.c:522)
==27873==    by 0x495BD0: runTestHarnessWithCheck (testHarness.c:456)
==27873==    by 0x493DA0: runTestHarness (testHarness.c:55)
==27873==    by 0x40D20D: main (main.c:252)
==27873== 
{
   <insert_a_suppression_name_here>
   Memcheck:Leak
   fun:_Znwm
   fun:_ZN9__gnu_cxx13new_allocatorIPN5Intel6OpenCL5Utils9SharedPtrINS2_12TaskExecutor9ITaskBaseEEEE8allocateEmPKv
   fun:_ZNSt11_Deque_baseIN5Intel6OpenCL5Utils9SharedPtrINS1_12TaskExecutor9ITaskBaseEEESaIS6_EE15_M_allocate_mapEm
   fun:_ZNSt11_Deque_baseIN5Intel6OpenCL5Utils9SharedPtrINS1_12TaskExecutor9ITaskBaseEEESaIS6_EE17_M_initialize_mapEm
   fun:_ZNSt11_Deque_baseIN5Intel6OpenCL5Utils9SharedPtrINS1_12TaskExecutor9ITaskBaseEEESaIS6_EEC2ERKS7_m
   fun:_ZNSt5dequeIN5Intel6OpenCL5Utils9SharedPtrINS1_12TaskExecutor9ITaskBaseEEESaIS6_EEC1ERKS8_
   fun:_ZNSt5queueIN5Intel6OpenCL5Utils9SharedPtrINS1_12TaskExecutor9ITaskBaseEEESt5dequeIS6_SaIS6_EEEC1ERKS9_
   fun:_ZN5Intel6OpenCL5Utils23OclNaiveConcurrentQueueINS1_9SharedPtrINS0_12TaskExecutor9ITaskBaseEEEEC1Ev
   fun:_ZN5Intel6OpenCL12TaskExecutor17base_command_listC2EbPNS1_15TBBTaskExecutorERNS1_12ArenaHandlerE
   fun:_ZN5Intel6OpenCL12TaskExecutor21in_order_command_listC1EbPNS1_15TBBTaskExecutorERNS1_12ArenaHandlerE
   fun:_ZN5Intel6OpenCL12TaskExecutor21in_order_command_list8AllocateEbPNS1_15TBBTaskExecutorERNS1_12ArenaHandlerE
   fun:_ZN5Intel6OpenCL12TaskExecutor15TBBTaskExecutor17AllocateResourcesEv
   fun:_ZN5Intel6OpenCL12TaskExecutor15TBBTaskExecutor8ActivateEv
   fun:_ZN5Intel6OpenCL9Framework7ContextC1EPKljjPNS0_5Utils9SharedPtrINS1_17FissionableDeviceEEEPFvPKcPKvmPvESE_PiP16ocl_entry_pointsP12ocl_gpa_dataRKNS1_13ContextModuleE
   fun:_ZN5Intel6OpenCL9Framework7Context8AllocateEPKljjPNS0_5Utils9SharedPtrINS1_17FissionableDeviceEEEPFvPKcPKvmPvESE_PiP16ocl_entry_pointsP12ocl_gpa_dataRKNS1_13ContextModuleE
   fun:_ZN5Intel6OpenCL9Framework13ContextModule13CreateContextEPKljPKP13_cl_device_idPFvPKcPKvmPvESD_Pi
   fun:clCreateContext
   fun:callSingleTestFunction
   fun:callTestFunctions
   fun:parseAndCallCommandLineTests
   fun:runTestHarnessWithCheck
   fun:runTestHarness
   fun:main
}
==27873== 64 bytes in 1 blocks are still reachable in loss record 756 of 1,101
==27873==    at 0x4C27337: operator new(unsigned long) (in /usr/lib64/valgrind/vgpreload_memcheck-amd64-linux.so)
==27873==    by 0x66396EC: __gnu_cxx::new_allocator<Intel::OpenCL::Utils::SharedPtr<Intel::OpenCL::TaskExecutor::ITaskBase>*>::allocate(unsigned long, void const*) (new_allocator.h:92)
==27873==    by 0x6639721: std::_Deque_base<Intel::OpenCL::Utils::SharedPtr<Intel::OpenCL::TaskExecutor::ITaskBase>, std::allocator<Intel::OpenCL::Utils::SharedPtr<Intel::OpenCL::TaskExecutor::ITaskBase> > >::_M_allocate_map(unsigned long) (stl_deque.h:459)
==27873==    by 0x6639896: std::_Deque_base<Intel::OpenCL::Utils::SharedPtr<Intel::OpenCL::TaskExecutor::ITaskBase>, std::allocator<Intel::OpenCL::Utils::SharedPtr<Intel::OpenCL::TaskExecutor::ITaskBase> > >::_M_initialize_map(unsigned long) (stl_deque.h:504)
==27873==    by 0x6639A6A: std::_Deque_base<Intel::OpenCL::Utils::SharedPtr<Intel::OpenCL::TaskExecutor::ITaskBase>, std::allocator<Intel::OpenCL::Utils::SharedPtr<Intel::OpenCL::TaskExecutor::ITaskBase> > >::_Deque_base(std::allocator<Intel::OpenCL::Utils::SharedPtr<Intel::OpenCL::TaskExecutor::ITaskBase> > const&, unsigned long) (stl_deque.h:383)
==27873==    by 0x663A167: std::deque<Intel::OpenCL::Utils::SharedPtr<Intel::OpenCL::TaskExecutor::ITaskBase>, std::allocator<Intel::OpenCL::Utils::SharedPtr<Intel::OpenCL::TaskExecutor::ITaskBase> > >::deque(std::deque<Intel::OpenCL::Utils::SharedPtr<Intel::OpenCL::TaskExecutor::ITaskBase>, std::allocator<Intel::OpenCL::Utils::SharedPtr<Intel::OpenCL::TaskExecutor::ITaskBase> > > const&) (stl_deque.h:728)
==27873==    by 0x663A254: std::queue<Intel::OpenCL::Utils::SharedPtr<Intel::OpenCL::TaskExecutor::ITaskBase>, std::deque<Intel::OpenCL::Utils::SharedPtr<Intel::OpenCL::TaskExecutor::ITaskBase>, std::allocator<Intel::OpenCL::Utils::SharedPtr<Intel::OpenCL::TaskExecutor::ITaskBase> > > >::queue(std::deque<Intel::OpenCL::Utils::SharedPtr<Intel::OpenCL::TaskExecutor::ITaskBase>, std::allocator<Intel::OpenCL::Utils::SharedPtr<Intel::OpenCL::TaskExecutor::ITaskBase> > > const&) (stl_queue.h:137)
==27873==    by 0x663B7AA: Intel::OpenCL::Utils::OclNaiveConcurrentQueue<Intel::OpenCL::Utils::SharedPtr<Intel::OpenCL::TaskExecutor::ITaskBase> >::OclNaiveConcurrentQueue() (cl_synch_objects.h:315)
==27873==    by 0x6637A1E: Intel::OpenCL::TaskExecutor::base_command_list::base_command_list(bool, Intel::OpenCL::TaskExecutor::TBBTaskExecutor*, Intel::OpenCL::TaskExecutor::ArenaHandler&) (base_command_list.cpp:30)
==27873==    by 0x6631914: Intel::OpenCL::TaskExecutor::in_order_command_list::in_order_command_list(bool, Intel::OpenCL::TaskExecutor::TBBTaskExecutor*, Intel::OpenCL::TaskExecutor::ArenaHandler&) (base_command_list.h:193)
==27873==    by 0x663196E: Intel::OpenCL::TaskExecutor::in_order_command_list::Allocate(bool, Intel::OpenCL::TaskExecutor::TBBTaskExecutor*, Intel::OpenCL::TaskExecutor::ArenaHandler&) (base_command_list.h:184)
==27873==    by 0x662BEEE: Intel::OpenCL::TaskExecutor::TBBTaskExecutor::CreateTaskList(Intel::OpenCL::TaskExecutor::CommandListCreationParam*, void*) (tbb_executor.cpp:669)
==27873==    by 0x70028AC: Intel::OpenCL::CPUDevice::TaskDispatcher::createCommandList(cl_dev_cmd_list_props, void*, void**) (task_dispatcher.cpp:317)
==27873==    by 0x6FF5FE8: Intel::OpenCL::CPUDevice::CPUDevice::clDevCreateCommandList(cl_dev_cmd_list_props, void*, void**) (cpu_device.cpp:1742)
==27873==    by 0x4FF1792: Intel::OpenCL::Framework::OclCommandQueue::Initialize() (ocl_command_queue.cpp:191)
==27873==    by 0x4FE9193: Intel::OpenCL::Framework::ExecutionModule::CreateCommandQueue(_cl_context*, _cl_device_id*, unsigned long, int*) (execution_module.cpp:164)
==27873==    by 0x4F86C05: clCreateCommandQueue (cl_framework.cpp:188)
==27873==    by 0x49649D: callSingleTestFunction (testHarness.c:623)
==27873==    by 0x4962F5: callTestFunctions (testHarness.c:589)
==27873==    by 0x495F98: parseAndCallCommandLineTests (testHarness.c:522)
==27873==    by 0x495BD0: runTestHarnessWithCheck (testHarness.c:456)
==27873==    by 0x493DA0: runTestHarness (testHarness.c:55)
==27873==    by 0x40D20D: main (main.c:252)
==27873== 
{
   <insert_a_suppression_name_here>
   Memcheck:Leak
   fun:_Znwm
   fun:_ZN9__gnu_cxx13new_allocatorIPN5Intel6OpenCL5Utils9SharedPtrINS2_12TaskExecutor9ITaskBaseEEEE8allocateEmPKv
   fun:_ZNSt11_Deque_baseIN5Intel6OpenCL5Utils9SharedPtrINS1_12TaskExecutor9ITaskBaseEEESaIS6_EE15_M_allocate_mapEm
   fun:_ZNSt11_Deque_baseIN5Intel6OpenCL5Utils9SharedPtrINS1_12TaskExecutor9ITaskBaseEEESaIS6_EE17_M_initialize_mapEm
   fun:_ZNSt11_Deque_baseIN5Intel6OpenCL5Utils9SharedPtrINS1_12TaskExecutor9ITaskBaseEEESaIS6_EEC2ERKS7_m
   fun:_ZNSt5dequeIN5Intel6OpenCL5Utils9SharedPtrINS1_12TaskExecutor9ITaskBaseEEESaIS6_EEC1ERKS8_
   fun:_ZNSt5queueIN5Intel6OpenCL5Utils9SharedPtrINS1_12TaskExecutor9ITaskBaseEEESt5dequeIS6_SaIS6_EEEC1ERKS9_
   fun:_ZN5Intel6OpenCL5Utils23OclNaiveConcurrentQueueINS1_9SharedPtrINS0_12TaskExecutor9ITaskBaseEEEEC1Ev
   fun:_ZN5Intel6OpenCL12TaskExecutor17base_command_listC2EbPNS1_15TBBTaskExecutorERNS1_12ArenaHandlerE
   fun:_ZN5Intel6OpenCL12TaskExecutor21in_order_command_listC1EbPNS1_15TBBTaskExecutorERNS1_12ArenaHandlerE
   fun:_ZN5Intel6OpenCL12TaskExecutor21in_order_command_list8AllocateEbPNS1_15TBBTaskExecutorERNS1_12ArenaHandlerE
   fun:_ZN5Intel6OpenCL12TaskExecutor15TBBTaskExecutor14CreateTaskListEPNS1_24CommandListCreationParamEPv
   fun:_ZN5Intel6OpenCL9CPUDevice14TaskDispatcher17createCommandListE21cl_dev_cmd_list_propsPvPS4_
   fun:_ZN5Intel6OpenCL9CPUDevice9CPUDevice22clDevCreateCommandListE21cl_dev_cmd_list_propsPvPS4_
   fun:_ZN5Intel6OpenCL9Framework15OclCommandQueue10InitializeEv
   fun:_ZN5Intel6OpenCL9Framework15ExecutionModule18CreateCommandQueueEP11_cl_contextP13_cl_device_idmPi
   fun:clCreateCommandQueue
   fun:callSingleTestFunction
   fun:callTestFunctions
   fun:parseAndCallCommandLineTests
   fun:runTestHarnessWithCheck
   fun:runTestHarness
   fun:main
}
==27873== 272 bytes in 1 blocks are indirectly lost in loss record 1,002 of 1,101
==27873==    at 0x4C25F19: calloc (in /usr/lib64/valgrind/vgpreload_memcheck-amd64-linux.so)
==27873==    by 0x7D39F4F: ???
==27873==    by 0x7D3A2E7: ???
==27873==    by 0x7AC5F8A: ???
==27873==    by 0x7AC53FB: ???
==27873==    by 0x7AC56D9: ???
==27873==    by 0x7AC62F5: ???
==27873==    by 0x7D33D72: ???
==27873==    by 0x7AC6342: ???
==27873==    by 0x7AC594B: ???
==27873==    by 0x7BCE635: ???
==27873==    by 0x7BCE691: ???
==27873==    by 0x7BCE6E7: ???
==27873==    by 0x7D33D72: ???
==27873==    by 0x7BCE316: ???
==27873==    by 0x7BCE391: ???
==27873==    by 0x7B93342: ???
==27873==    by 0x7FD1ACB: ???
==27873==    by 0x7FE1D26: ???
==27873==    by 0x7FE31FF: ???
==27873==    by 0x7FEA9E6: ???
==27873==    by 0x7FEAAD4: ???
==27873==    by 0x7F9C129: ???
==27873==    by 0x7F9DE4D: ???
==27873==    by 0x7F9E76B: ???
==27873==    by 0x7F9ECCB: ???
==27873==    by 0x7B8E661: ???
==27873==    by 0x7ADF82F: ???
==27873==    by 0x7ADFA2D: ???
==27873==    by 0x7ADF4ED: ???
==27873==    by 0x7AE0C9F: ???
==27873==    by 0x7AE0D02: ???
==27873==    by 0x7B4E380: ???
==27873==    by 0x7B4E4C5: ???
==27873==    by 0x7B4E676: ???
==27873==    by 0x75AD9DB: ???
==27873==    by 0x75A38AF: ???
==27873==    by 0x75A3D40: ???
==27873==    by 0x7594620: ???
==27873==    by 0x758B7DE: ???
==27873== 
{
   <insert_a_suppression_name_here>
   Memcheck:Leak
   fun:calloc
   obj:*
   obj:*
   obj:*
   obj:*
   obj:*
   obj:*
   obj:*
   obj:*
   obj:*
   obj:*
   obj:*
   obj:*
   obj:*
   obj:*
   obj:*
   obj:*
   obj:*
   obj:*
   obj:*
   obj:*
   obj:*
   obj:*
   obj:*
}
==27873== 432 bytes in 1 blocks are still reachable in loss record 1,020 of 1,101
==27873==    at 0x4C27337: operator new(unsigned long) (in /usr/lib64/valgrind/vgpreload_memcheck-amd64-linux.so)
==27873==    by 0x4F7E2FA: Intel::OpenCL::Utils::ReferenceCountedObject::operator new(unsigned long) (cl_shared_ptr.h:100)
==27873==    by 0x6631955: Intel::OpenCL::TaskExecutor::in_order_command_list::Allocate(bool, Intel::OpenCL::TaskExecutor::TBBTaskExecutor*, Intel::OpenCL::TaskExecutor::ArenaHandler&) (base_command_list.h:184)
==27873==    by 0x662C3C2: Intel::OpenCL::TaskExecutor::TBBTaskExecutor::AllocateResources() (tbb_executor.cpp:612)
==27873==    by 0x662C702: Intel::OpenCL::TaskExecutor::TBBTaskExecutor::Activate() (tbb_executor.cpp:604)
==27873==    by 0x4FBD93F: Intel::OpenCL::Framework::Context::Context(long const*, unsigned int, unsigned int, Intel::OpenCL::Utils::SharedPtr<Intel::OpenCL::Framework::FissionableDevice>*, void (*)(char const*, void const*, unsigned long, void*), void*, int*, ocl_entry_points*, ocl_gpa_data*, Intel::OpenCL::Framework::ContextModule const&) (Context.cpp:82)
==27873==    by 0x4FA5FD9: Intel::OpenCL::Framework::Context::Allocate(long const*, unsigned int, unsigned int, Intel::OpenCL::Utils::SharedPtr<Intel::OpenCL::Framework::FissionableDevice>*, void (*)(char const*, void const*, unsigned long, void*), void*, int*, ocl_entry_points*, ocl_gpa_data*, Intel::OpenCL::Framework::ContextModule const&) (Context.h:88)
==27873==    by 0x4F93574: Intel::OpenCL::Framework::ContextModule::CreateContext(long const*, unsigned int, _cl_device_id* const*, void (*)(char const*, void const*, unsigned long, void*), void*, int*) (context_module.cpp:278)
==27873==    by 0x4F870D2: clCreateContext (cl_framework.cpp:145)
==27873==    by 0x49640B: callSingleTestFunction (testHarness.c:616)
==27873==    by 0x4962F5: callTestFunctions (testHarness.c:589)
==27873==    by 0x495F98: parseAndCallCommandLineTests (testHarness.c:522)
==27873==    by 0x495BD0: runTestHarnessWithCheck (testHarness.c:456)
==27873==    by 0x493DA0: runTestHarness (testHarness.c:55)
==27873==    by 0x40D20D: main (main.c:252)
==27873== 
{
   <insert_a_suppression_name_here>
   Memcheck:Leak
   fun:_Znwm
   fun:_ZN5Intel6OpenCL5Utils22ReferenceCountedObjectnwEm
   fun:_ZN5Intel6OpenCL12TaskExecutor21in_order_command_list8AllocateEbPNS1_15TBBTaskExecutorERNS1_12ArenaHandlerE
   fun:_ZN5Intel6OpenCL12TaskExecutor15TBBTaskExecutor17AllocateResourcesEv
   fun:_ZN5Intel6OpenCL12TaskExecutor15TBBTaskExecutor8ActivateEv
   fun:_ZN5Intel6OpenCL9Framework7ContextC1EPKljjPNS0_5Utils9SharedPtrINS1_17FissionableDeviceEEEPFvPKcPKvmPvESE_PiP16ocl_entry_pointsP12ocl_gpa_dataRKNS1_13ContextModuleE
   fun:_ZN5Intel6OpenCL9Framework7Context8AllocateEPKljjPNS0_5Utils9SharedPtrINS1_17FissionableDeviceEEEPFvPKcPKvmPvESE_PiP16ocl_entry_pointsP12ocl_gpa_dataRKNS1_13ContextModuleE
   fun:_ZN5Intel6OpenCL9Framework13ContextModule13CreateContextEPKljPKP13_cl_device_idPFvPKcPKvmPvESD_Pi
   fun:clCreateContext
   fun:callSingleTestFunction
   fun:callTestFunctions
   fun:parseAndCallCommandLineTests
   fun:runTestHarnessWithCheck
   fun:runTestHarness
   fun:main
}
==27873== 432 bytes in 1 blocks are still reachable in loss record 1,021 of 1,101
==27873==    at 0x4C27337: operator new(unsigned long) (in /usr/lib64/valgrind/vgpreload_memcheck-amd64-linux.so)
==27873==    by 0x4F7E2FA: Intel::OpenCL::Utils::ReferenceCountedObject::operator new(unsigned long) (cl_shared_ptr.h:100)
==27873==    by 0x6631955: Intel::OpenCL::TaskExecutor::in_order_command_list::Allocate(bool, Intel::OpenCL::TaskExecutor::TBBTaskExecutor*, Intel::OpenCL::TaskExecutor::ArenaHandler&) (base_command_list.h:184)
==27873==    by 0x662BEEE: Intel::OpenCL::TaskExecutor::TBBTaskExecutor::CreateTaskList(Intel::OpenCL::TaskExecutor::CommandListCreationParam*, void*) (tbb_executor.cpp:669)
==27873==    by 0x70028AC: Intel::OpenCL::CPUDevice::TaskDispatcher::createCommandList(cl_dev_cmd_list_props, void*, void**) (task_dispatcher.cpp:317)
==27873==    by 0x6FF5FE8: Intel::OpenCL::CPUDevice::CPUDevice::clDevCreateCommandList(cl_dev_cmd_list_props, void*, void**) (cpu_device.cpp:1742)
==27873==    by 0x4FF1792: Intel::OpenCL::Framework::OclCommandQueue::Initialize() (ocl_command_queue.cpp:191)
==27873==    by 0x4FE9193: Intel::OpenCL::Framework::ExecutionModule::CreateCommandQueue(_cl_context*, _cl_device_id*, unsigned long, int*) (execution_module.cpp:164)
==27873==    by 0x4F86C05: clCreateCommandQueue (cl_framework.cpp:188)
==27873==    by 0x49649D: callSingleTestFunction (testHarness.c:623)
==27873==    by 0x4962F5: callTestFunctions (testHarness.c:589)
==27873==    by 0x495F98: parseAndCallCommandLineTests (testHarness.c:522)
==27873==    by 0x495BD0: runTestHarnessWithCheck (testHarness.c:456)
==27873==    by 0x493DA0: runTestHarness (testHarness.c:55)
==27873==    by 0x40D20D: main (main.c:252)
==27873== 
{
   <insert_a_suppression_name_here>
   Memcheck:Leak
   fun:_Znwm
   fun:_ZN5Intel6OpenCL5Utils22ReferenceCountedObjectnwEm
   fun:_ZN5Intel6OpenCL12TaskExecutor21in_order_command_list8AllocateEbPNS1_15TBBTaskExecutorERNS1_12ArenaHandlerE
   fun:_ZN5Intel6OpenCL12TaskExecutor15TBBTaskExecutor14CreateTaskListEPNS1_24CommandListCreationParamEPv
   fun:_ZN5Intel6OpenCL9CPUDevice14TaskDispatcher17createCommandListE21cl_dev_cmd_list_propsPvPS4_
   fun:_ZN5Intel6OpenCL9CPUDevice9CPUDevice22clDevCreateCommandListE21cl_dev_cmd_list_propsPvPS4_
   fun:_ZN5Intel6OpenCL9Framework15OclCommandQueue10InitializeEv
   fun:_ZN5Intel6OpenCL9Framework15ExecutionModule18CreateCommandQueueEP11_cl_contextP13_cl_device_idmPi
   fun:clCreateCommandQueue
   fun:callSingleTestFunction
   fun:callTestFunctions
   fun:parseAndCallCommandLineTests
   fun:runTestHarnessWithCheck
   fun:runTestHarness
   fun:main
}
==27873== 512 bytes in 1 blocks are still reachable in loss record 1,029 of 1,101
==27873==    at 0x4C27337: operator new(unsigned long) (in /usr/lib64/valgrind/vgpreload_memcheck-amd64-linux.so)
==27873==    by 0x662FCDB: __gnu_cxx::new_allocator<Intel::OpenCL::Utils::SharedPtr<Intel::OpenCL::TaskExecutor::ITaskBase> >::allocate(unsigned long, void const*) (new_allocator.h:92)
==27873==    by 0x6639787: std::_Deque_base<Intel::OpenCL::Utils::SharedPtr<Intel::OpenCL::TaskExecutor::ITaskBase>, std::allocator<Intel::OpenCL::Utils::SharedPtr<Intel::OpenCL::TaskExecutor::ITaskBase> > >::_M_allocate_node() (stl_deque.h:448)
==27873==    by 0x66397B3: std::_Deque_base<Intel::OpenCL::Utils::SharedPtr<Intel::OpenCL::TaskExecutor::ITaskBase>, std::allocator<Intel::OpenCL::Utils::SharedPtr<Intel::OpenCL::TaskExecutor::ITaskBase> > >::_M_create_nodes(Intel::OpenCL::Utils::SharedPtr<Intel::OpenCL::TaskExecutor::ITaskBase>**, Intel::OpenCL::Utils::SharedPtr<Intel::OpenCL::TaskExecutor::ITaskBase>**) (stl_deque.h:542)
==27873==    by 0x66398E3: std::_Deque_base<Intel::OpenCL::Utils::SharedPtr<Intel::OpenCL::TaskExecutor::ITaskBase>, std::allocator<Intel::OpenCL::Utils::SharedPtr<Intel::OpenCL::TaskExecutor::ITaskBase> > >::_M_initialize_map(unsigned long) (stl_deque.h:516)
==27873==    by 0x6639A6A: std::_Deque_base<Intel::OpenCL::Utils::SharedPtr<Intel::OpenCL::TaskExecutor::ITaskBase>, std::allocator<Intel::OpenCL::Utils::SharedPtr<Intel::OpenCL::TaskExecutor::ITaskBase> > >::_Deque_base(std::allocator<Intel::OpenCL::Utils::SharedPtr<Intel::OpenCL::TaskExecutor::ITaskBase> > const&, unsigned long) (stl_deque.h:383)
==27873==    by 0x663A167: std::deque<Intel::OpenCL::Utils::SharedPtr<Intel::OpenCL::TaskExecutor::ITaskBase>, std::allocator<Intel::OpenCL::Utils::SharedPtr<Intel::OpenCL::TaskExecutor::ITaskBase> > >::deque(std::deque<Intel::OpenCL::Utils::SharedPtr<Intel::OpenCL::TaskExecutor::ITaskBase>, std::allocator<Intel::OpenCL::Utils::SharedPtr<Intel::OpenCL::TaskExecutor::ITaskBase> > > const&) (stl_deque.h:728)
==27873==    by 0x663A254: std::queue<Intel::OpenCL::Utils::SharedPtr<Intel::OpenCL::TaskExecutor::ITaskBase>, std::deque<Intel::OpenCL::Utils::SharedPtr<Intel::OpenCL::TaskExecutor::ITaskBase>, std::allocator<Intel::OpenCL::Utils::SharedPtr<Intel::OpenCL::TaskExecutor::ITaskBase> > > >::queue(std::deque<Intel::OpenCL::Utils::SharedPtr<Intel::OpenCL::TaskExecutor::ITaskBase>, std::allocator<Intel::OpenCL::Utils::SharedPtr<Intel::OpenCL::TaskExecutor::ITaskBase> > > const&) (stl_queue.h:137)
==27873==    by 0x663B7AA: Intel::OpenCL::Utils::OclNaiveConcurrentQueue<Intel::OpenCL::Utils::SharedPtr<Intel::OpenCL::TaskExecutor::ITaskBase> >::OclNaiveConcurrentQueue() (cl_synch_objects.h:315)
==27873==    by 0x6637A1E: Intel::OpenCL::TaskExecutor::base_command_list::base_command_list(bool, Intel::OpenCL::TaskExecutor::TBBTaskExecutor*, Intel::OpenCL::TaskExecutor::ArenaHandler&) (base_command_list.cpp:30)
==27873==    by 0x6631914: Intel::OpenCL::TaskExecutor::in_order_command_list::in_order_command_list(bool, Intel::OpenCL::TaskExecutor::TBBTaskExecutor*, Intel::OpenCL::TaskExecutor::ArenaHandler&) (base_command_list.h:193)
==27873==    by 0x663196E: Intel::OpenCL::TaskExecutor::in_order_command_list::Allocate(bool, Intel::OpenCL::TaskExecutor::TBBTaskExecutor*, Intel::OpenCL::TaskExecutor::ArenaHandler&) (base_command_list.h:184)
==27873==    by 0x662C3C2: Intel::OpenCL::TaskExecutor::TBBTaskExecutor::AllocateResources() (tbb_executor.cpp:612)
==27873==    by 0x662C702: Intel::OpenCL::TaskExecutor::TBBTaskExecutor::Activate() (tbb_executor.cpp:604)
==27873==    by 0x4FBD93F: Intel::OpenCL::Framework::Context::Context(long const*, unsigned int, unsigned int, Intel::OpenCL::Utils::SharedPtr<Intel::OpenCL::Framework::FissionableDevice>*, void (*)(char const*, void const*, unsigned long, void*), void*, int*, ocl_entry_points*, ocl_gpa_data*, Intel::OpenCL::Framework::ContextModule const&) (Context.cpp:82)
==27873==    by 0x4FA5FD9: Intel::OpenCL::Framework::Context::Allocate(long const*, unsigned int, unsigned int, Intel::OpenCL::Utils::SharedPtr<Intel::OpenCL::Framework::FissionableDevice>*, void (*)(char const*, void const*, unsigned long, void*), void*, int*, ocl_entry_points*, ocl_gpa_data*, Intel::OpenCL::Framework::ContextModule const&) (Context.h:88)
==27873==    by 0x4F93574: Intel::OpenCL::Framework::ContextModule::CreateContext(long const*, unsigned int, _cl_device_id* const*, void (*)(char const*, void const*, unsigned long, void*), void*, int*) (context_module.cpp:278)
==27873==    by 0x4F870D2: clCreateContext (cl_framework.cpp:145)
==27873==    by 0x49640B: callSingleTestFunction (testHarness.c:616)
==27873==    by 0x4962F5: callTestFunctions (testHarness.c:589)
==27873==    by 0x495F98: parseAndCallCommandLineTests (testHarness.c:522)
==27873==    by 0x495BD0: runTestHarnessWithCheck (testHarness.c:456)
==27873==    by 0x493DA0: runTestHarness (testHarness.c:55)
==27873==    by 0x40D20D: main (main.c:252)
==27873== 
{
   <insert_a_suppression_name_here>
   Memcheck:Leak
   fun:_Znwm
   fun:_ZN9__gnu_cxx13new_allocatorIN5Intel6OpenCL5Utils9SharedPtrINS2_12TaskExecutor9ITaskBaseEEEE8allocateEmPKv
   fun:_ZNSt11_Deque_baseIN5Intel6OpenCL5Utils9SharedPtrINS1_12TaskExecutor9ITaskBaseEEESaIS6_EE16_M_allocate_nodeEv
   fun:_ZNSt11_Deque_baseIN5Intel6OpenCL5Utils9SharedPtrINS1_12TaskExecutor9ITaskBaseEEESaIS6_EE15_M_create_nodesEPPS6_SA_
   fun:_ZNSt11_Deque_baseIN5Intel6OpenCL5Utils9SharedPtrINS1_12TaskExecutor9ITaskBaseEEESaIS6_EE17_M_initialize_mapEm
   fun:_ZNSt11_Deque_baseIN5Intel6OpenCL5Utils9SharedPtrINS1_12TaskExecutor9ITaskBaseEEESaIS6_EEC2ERKS7_m
   fun:_ZNSt5dequeIN5Intel6OpenCL5Utils9SharedPtrINS1_12TaskExecutor9ITaskBaseEEESaIS6_EEC1ERKS8_
   fun:_ZNSt5queueIN5Intel6OpenCL5Utils9SharedPtrINS1_12TaskExecutor9ITaskBaseEEESt5dequeIS6_SaIS6_EEEC1ERKS9_
   fun:_ZN5Intel6OpenCL5Utils23OclNaiveConcurrentQueueINS1_9SharedPtrINS0_12TaskExecutor9ITaskBaseEEEEC1Ev
   fun:_ZN5Intel6OpenCL12TaskExecutor17base_command_listC2EbPNS1_15TBBTaskExecutorERNS1_12ArenaHandlerE
   fun:_ZN5Intel6OpenCL12TaskExecutor21in_order_command_listC1EbPNS1_15TBBTaskExecutorERNS1_12ArenaHandlerE
   fun:_ZN5Intel6OpenCL12TaskExecutor21in_order_command_list8AllocateEbPNS1_15TBBTaskExecutorERNS1_12ArenaHandlerE
   fun:_ZN5Intel6OpenCL12TaskExecutor15TBBTaskExecutor17AllocateResourcesEv
   fun:_ZN5Intel6OpenCL12TaskExecutor15TBBTaskExecutor8ActivateEv
   fun:_ZN5Intel6OpenCL9Framework7ContextC1EPKljjPNS0_5Utils9SharedPtrINS1_17FissionableDeviceEEEPFvPKcPKvmPvESE_PiP16ocl_entry_pointsP12ocl_gpa_dataRKNS1_13ContextModuleE
   fun:_ZN5Intel6OpenCL9Framework7Context8AllocateEPKljjPNS0_5Utils9SharedPtrINS1_17FissionableDeviceEEEPFvPKcPKvmPvESE_PiP16ocl_entry_pointsP12ocl_gpa_dataRKNS1_13ContextModuleE
   fun:_ZN5Intel6OpenCL9Framework13ContextModule13CreateContextEPKljPKP13_cl_device_idPFvPKcPKvmPvESD_Pi
   fun:clCreateContext
   fun:callSingleTestFunction
   fun:callTestFunctions
   fun:parseAndCallCommandLineTests
   fun:runTestHarnessWithCheck
   fun:runTestHarness
   fun:main
}
==27873== 512 bytes in 1 blocks are still reachable in loss record 1,030 of 1,101
==27873==    at 0x4C27337: operator new(unsigned long) (in /usr/lib64/valgrind/vgpreload_memcheck-amd64-linux.so)
==27873==    by 0x662FCDB: __gnu_cxx::new_allocator<Intel::OpenCL::Utils::SharedPtr<Intel::OpenCL::TaskExecutor::ITaskBase> >::allocate(unsigned long, void const*) (new_allocator.h:92)
==27873==    by 0x6639787: std::_Deque_base<Intel::OpenCL::Utils::SharedPtr<Intel::OpenCL::TaskExecutor::ITaskBase>, std::allocator<Intel::OpenCL::Utils::SharedPtr<Intel::OpenCL::TaskExecutor::ITaskBase> > >::_M_allocate_node() (stl_deque.h:448)
==27873==    by 0x66397B3: std::_Deque_base<Intel::OpenCL::Utils::SharedPtr<Intel::OpenCL::TaskExecutor::ITaskBase>, std::allocator<Intel::OpenCL::Utils::SharedPtr<Intel::OpenCL::TaskExecutor::ITaskBase> > >::_M_create_nodes(Intel::OpenCL::Utils::SharedPtr<Intel::OpenCL::TaskExecutor::ITaskBase>**, Intel::OpenCL::Utils::SharedPtr<Intel::OpenCL::TaskExecutor::ITaskBase>**) (stl_deque.h:542)
==27873==    by 0x66398E3: std::_Deque_base<Intel::OpenCL::Utils::SharedPtr<Intel::OpenCL::TaskExecutor::ITaskBase>, std::allocator<Intel::OpenCL::Utils::SharedPtr<Intel::OpenCL::TaskExecutor::ITaskBase> > >::_M_initialize_map(unsigned long) (stl_deque.h:516)
==27873==    by 0x6639A6A: std::_Deque_base<Intel::OpenCL::Utils::SharedPtr<Intel::OpenCL::TaskExecutor::ITaskBase>, std::allocator<Intel::OpenCL::Utils::SharedPtr<Intel::OpenCL::TaskExecutor::ITaskBase> > >::_Deque_base(std::allocator<Intel::OpenCL::Utils::SharedPtr<Intel::OpenCL::TaskExecutor::ITaskBase> > const&, unsigned long) (stl_deque.h:383)
==27873==    by 0x663A167: std::deque<Intel::OpenCL::Utils::SharedPtr<Intel::OpenCL::TaskExecutor::ITaskBase>, std::allocator<Intel::OpenCL::Utils::SharedPtr<Intel::OpenCL::TaskExecutor::ITaskBase> > >::deque(std::deque<Intel::OpenCL::Utils::SharedPtr<Intel::OpenCL::TaskExecutor::ITaskBase>, std::allocator<Intel::OpenCL::Utils::SharedPtr<Intel::OpenCL::TaskExecutor::ITaskBase> > > const&) (stl_deque.h:728)
==27873==    by 0x663A254: std::queue<Intel::OpenCL::Utils::SharedPtr<Intel::OpenCL::TaskExecutor::ITaskBase>, std::deque<Intel::OpenCL::Utils::SharedPtr<Intel::OpenCL::TaskExecutor::ITaskBase>, std::allocator<Intel::OpenCL::Utils::SharedPtr<Intel::OpenCL::TaskExecutor::ITaskBase> > > >::queue(std::deque<Intel::OpenCL::Utils::SharedPtr<Intel::OpenCL::TaskExecutor::ITaskBase>, std::allocator<Intel::OpenCL::Utils::SharedPtr<Intel::OpenCL::TaskExecutor::ITaskBase> > > const&) (stl_queue.h:137)
==27873==    by 0x663B7AA: Intel::OpenCL::Utils::OclNaiveConcurrentQueue<Intel::OpenCL::Utils::SharedPtr<Intel::OpenCL::TaskExecutor::ITaskBase> >::OclNaiveConcurrentQueue() (cl_synch_objects.h:315)
==27873==    by 0x6637A1E: Intel::OpenCL::TaskExecutor::base_command_list::base_command_list(bool, Intel::OpenCL::TaskExecutor::TBBTaskExecutor*, Intel::OpenCL::TaskExecutor::ArenaHandler&) (base_command_list.cpp:30)
==27873==    by 0x6631914: Intel::OpenCL::TaskExecutor::in_order_command_list::in_order_command_list(bool, Intel::OpenCL::TaskExecutor::TBBTaskExecutor*, Intel::OpenCL::TaskExecutor::ArenaHandler&) (base_command_list.h:193)
==27873==    by 0x663196E: Intel::OpenCL::TaskExecutor::in_order_command_list::Allocate(bool, Intel::OpenCL::TaskExecutor::TBBTaskExecutor*, Intel::OpenCL::TaskExecutor::ArenaHandler&) (base_command_list.h:184)
==27873==    by 0x662BEEE: Intel::OpenCL::TaskExecutor::TBBTaskExecutor::CreateTaskList(Intel::OpenCL::TaskExecutor::CommandListCreationParam*, void*) (tbb_executor.cpp:669)
==27873==    by 0x70028AC: Intel::OpenCL::CPUDevice::TaskDispatcher::createCommandList(cl_dev_cmd_list_props, void*, void**) (task_dispatcher.cpp:317)
==27873==    by 0x6FF5FE8: Intel::OpenCL::CPUDevice::CPUDevice::clDevCreateCommandList(cl_dev_cmd_list_props, void*, void**) (cpu_device.cpp:1742)
==27873==    by 0x4FF1792: Intel::OpenCL::Framework::OclCommandQueue::Initialize() (ocl_command_queue.cpp:191)
==27873==    by 0x4FE9193: Intel::OpenCL::Framework::ExecutionModule::CreateCommandQueue(_cl_context*, _cl_device_id*, unsigned long, int*) (execution_module.cpp:164)
==27873==    by 0x4F86C05: clCreateCommandQueue (cl_framework.cpp:188)
==27873==    by 0x49649D: callSingleTestFunction (testHarness.c:623)
==27873==    by 0x4962F5: callTestFunctions (testHarness.c:589)
==27873==    by 0x495F98: parseAndCallCommandLineTests (testHarness.c:522)
==27873==    by 0x495BD0: runTestHarnessWithCheck (testHarness.c:456)
==27873==    by 0x493DA0: runTestHarness (testHarness.c:55)
==27873==    by 0x40D20D: main (main.c:252)
==27873== 
{
   <insert_a_suppression_name_here>
   Memcheck:Leak
   fun:_Znwm
   fun:_ZN9__gnu_cxx13new_allocatorIN5Intel6OpenCL5Utils9SharedPtrINS2_12TaskExecutor9ITaskBaseEEEE8allocateEmPKv
   fun:_ZNSt11_Deque_baseIN5Intel6OpenCL5Utils9SharedPtrINS1_12TaskExecutor9ITaskBaseEEESaIS6_EE16_M_allocate_nodeEv
   fun:_ZNSt11_Deque_baseIN5Intel6OpenCL5Utils9SharedPtrINS1_12TaskExecutor9ITaskBaseEEESaIS6_EE15_M_create_nodesEPPS6_SA_
   fun:_ZNSt11_Deque_baseIN5Intel6OpenCL5Utils9SharedPtrINS1_12TaskExecutor9ITaskBaseEEESaIS6_EE17_M_initialize_mapEm
   fun:_ZNSt11_Deque_baseIN5Intel6OpenCL5Utils9SharedPtrINS1_12TaskExecutor9ITaskBaseEEESaIS6_EEC2ERKS7_m
   fun:_ZNSt5dequeIN5Intel6OpenCL5Utils9SharedPtrINS1_12TaskExecutor9ITaskBaseEEESaIS6_EEC1ERKS8_
   fun:_ZNSt5queueIN5Intel6OpenCL5Utils9SharedPtrINS1_12TaskExecutor9ITaskBaseEEESt5dequeIS6_SaIS6_EEEC1ERKS9_
   fun:_ZN5Intel6OpenCL5Utils23OclNaiveConcurrentQueueINS1_9SharedPtrINS0_12TaskExecutor9ITaskBaseEEEEC1Ev
   fun:_ZN5Intel6OpenCL12TaskExecutor17base_command_listC2EbPNS1_15TBBTaskExecutorERNS1_12ArenaHandlerE
   fun:_ZN5Intel6OpenCL12TaskExecutor21in_order_command_listC1EbPNS1_15TBBTaskExecutorERNS1_12ArenaHandlerE
   fun:_ZN5Intel6OpenCL12TaskExecutor21in_order_command_list8AllocateEbPNS1_15TBBTaskExecutorERNS1_12ArenaHandlerE
   fun:_ZN5Intel6OpenCL12TaskExecutor15TBBTaskExecutor14CreateTaskListEPNS1_24CommandListCreationParamEPv
   fun:_ZN5Intel6OpenCL9CPUDevice14TaskDispatcher17createCommandListE21cl_dev_cmd_list_propsPvPS4_
   fun:_ZN5Intel6OpenCL9CPUDevice9CPUDevice22clDevCreateCommandListE21cl_dev_cmd_list_propsPvPS4_
   fun:_ZN5Intel6OpenCL9Framework15OclCommandQueue10InitializeEv
   fun:_ZN5Intel6OpenCL9Framework15ExecutionModule18CreateCommandQueueEP11_cl_contextP13_cl_device_idmPi
   fun:clCreateCommandQueue
   fun:callSingleTestFunction
   fun:callTestFunctions
   fun:parseAndCallCommandLineTests
   fun:runTestHarnessWithCheck
   fun:runTestHarness
   fun:main
}
==27873== 520 bytes in 1 blocks are indirectly lost in loss record 1,033 of 1,101
==27873==    at 0x4C25F19: calloc (in /usr/lib64/valgrind/vgpreload_memcheck-amd64-linux.so)
==27873==    by 0x7D31A59: ???
==27873==    by 0x7D31EDE: ???
==27873==    by 0x7ACED12: ???
==27873==    by 0x7AC73A9: ???
==27873==    by 0x7AC56B1: ???
==27873==    by 0x7AC62F5: ???
==27873==    by 0x7D33D72: ???
==27873==    by 0x7AC6342: ???
==27873==    by 0x7AC594B: ???
==27873==    by 0x7BCE635: ???
==27873==    by 0x7BCE691: ???
==27873==    by 0x7BCE6E7: ???
==27873==    by 0x7D33D72: ???
==27873==    by 0x7BCE316: ???
==27873==    by 0x7BCE391: ???
==27873==    by 0x7B93342: ???
==27873==    by 0x7FD1ACB: ???
==27873==    by 0x7FE1D26: ???
==27873==    by 0x7FE31FF: ???
==27873==    by 0x7FEA9E6: ???
==27873==    by 0x7FEAAD4: ???
==27873==    by 0x7F9C129: ???
==27873==    by 0x7F9DE4D: ???
==27873==    by 0x7F9E76B: ???
==27873==    by 0x7F9ECCB: ???
==27873==    by 0x7B8E661: ???
==27873==    by 0x7ADF82F: ???
==27873==    by 0x7ADFA2D: ???
==27873==    by 0x7ADF4ED: ???
==27873==    by 0x7AE0C9F: ???
==27873==    by 0x7AE0D02: ???
==27873==    by 0x7B4E380: ???
==27873==    by 0x7B4E4C5: ???
==27873==    by 0x7B4E676: ???
==27873==    by 0x75AD9DB: ???
==27873==    by 0x75A38AF: ???
==27873==    by 0x75A3D40: ???
==27873==    by 0x7594620: ???
==27873==    by 0x758B7DE: ???
==27873== 
{
   <insert_a_suppression_name_here>
   Memcheck:Leak
   fun:calloc
   obj:*
   obj:*
   obj:*
   obj:*
   obj:*
   obj:*
   obj:*
   obj:*
   obj:*
   obj:*
   obj:*
   obj:*
   obj:*
   obj:*
   obj:*
   obj:*
   obj:*
   obj:*
   obj:*
   obj:*
   obj:*
   obj:*
   obj:*
}
==27873== 4,096 bytes in 1 blocks are indirectly lost in loss record 1,081 of 1,101
==27873==    at 0x4C2783D: malloc (in /usr/lib64/valgrind/vgpreload_memcheck-amd64-linux.so)
==27873==    by 0x76F5FE4: ???
==27873==    by 0x7D1D8A3: ???
==27873==    by 0x7D1D340: ???
==27873==    by 0x7D1D4FD: ???
==27873==    by 0x78B57D4: ???
==27873==    by 0x7AF0432: ???
==27873==    by 0x7AF0474: ???
==27873==    by 0x7AF050C: ???
==27873==    by 0x7BCE642: ???
==27873==    by 0x7BCE691: ???
==27873==    by 0x7BCE6E7: ???
==27873==    by 0x7D33D72: ???
==27873==    by 0x7BCE316: ???
==27873==    by 0x7BCE391: ???
==27873==    by 0x7B93342: ???
==27873==    by 0x7FD1ACB: ???
==27873==    by 0x7FE1D26: ???
==27873==    by 0x7FE31FF: ???
==27873==    by 0x7FEA9E6: ???
==27873==    by 0x7FEAAD4: ???
==27873==    by 0x7F9C129: ???
==27873==    by 0x7F9DE4D: ???
==27873==    by 0x7F9E76B: ???
==27873==    by 0x7F9ECCB: ???
==27873==    by 0x7B8E661: ???
==27873==    by 0x7ADF82F: ???
==27873==    by 0x7ADFA2D: ???
==27873==    by 0x7ADF4ED: ???
==27873==    by 0x7AE0C9F: ???
==27873==    by 0x7AE0D02: ???
==27873==    by 0x7B4E380: ???
==27873==    by 0x7B4E4C5: ???
==27873==    by 0x7B4E676: ???
==27873==    by 0x75AD9DB: ???
==27873==    by 0x75A38AF: ???
==27873==    by 0x75A3D40: ???
==27873==    by 0x7594620: ???
==27873==    by 0x758B7DE: ???
==27873==    by 0x700E324: Intel::OpenCL::CPUDevice::ProgramService::BuildProgram(void*, char const*, int*) (program_service.cpp:391)
==27873== 
{
   <insert_a_suppression_name_here>
   Memcheck:Leak
   fun:malloc
   obj:*
   obj:*
   obj:*
   obj:*
   obj:*
   obj:*
   obj:*
   obj:*
   obj:*
   obj:*
   obj:*
   obj:*
   obj:*
   obj:*
   obj:*
   obj:*
   obj:*
   obj:*
   obj:*
   obj:*
   obj:*
   obj:*
   obj:*
}
==27873== LEAK SUMMARY:
==27873==    definitely lost: 0 bytes in 0 blocks
==27873==    indirectly lost: 4,945 bytes in 7 blocks
==27873==      possibly lost: 0 bytes in 0 blocks
==27873==    still reachable: 2,176 bytes in 10 blocks
==27873==         suppressed: 487,776 bytes in 7,908 blocks
==27873== 
==27873== ERROR SUMMARY: 1 errors from 1 contexts (suppressed: 693 from 92)
==27873== 
==27873== 1 errors in context 1 of 1:
==27873== Syscall param write(buf) points to uninitialised byte(s)
==27873==    at 0x5F4A3D0: __write_nocancel (in /lib64/libc-2.11.1.so)
==27873==    by 0x5EF3F12: _IO_file_write@@GLIBC_2.2.5 (in /lib64/libc-2.11.1.so)
==27873==    by 0x5EF3B79: new_do_write (in /lib64/libc-2.11.1.so)
==27873==    by 0x5EF3EB4: _IO_do_write@@GLIBC_2.2.5 (in /lib64/libc-2.11.1.so)
==27873==    by 0x5EF3CD8: _IO_file_xsputn@@GLIBC_2.2.5 (in /lib64/libc-2.11.1.so)
==27873==    by 0x5EC665D: vfprintf (in /lib64/libc-2.11.1.so)
==27873==    by 0x5ED0AA9: printf (in /lib64/libc-2.11.1.so)
==27873==    by 0x492C04: printDeviceHeader (kernelHelpers.c:674)
==27873==    by 0x494E98: runTestHarnessWithCheck (testHarness.c:314)
==27873==    by 0x493DA0: runTestHarness (testHarness.c:55)
==27873==    by 0x40D20D: main (main.c:252)
==27873==  Address 0x4020016 is not stack'd, malloc'd or (recently) free'd
==27873==  Uninitialised value was created by a stack allocation
==27873==    at 0x505539C: Intel::OpenCL::Utils::CPUDetect::GetCPUInfo() (cl_cpu_detect.cpp:164)
==27873== 
{
   <insert_a_suppression_name_here>
   Memcheck:Param
   write(buf)
   fun:__write_nocancel
   fun:_IO_file_write@@GLIBC_2.2.5
   fun:new_do_write
   fun:_IO_do_write@@GLIBC_2.2.5
   fun:_IO_file_xsputn@@GLIBC_2.2.5
   fun:vfprintf
   fun:printf
   fun:printDeviceHeader
   fun:runTestHarnessWithCheck
   fun:runTestHarness
   fun:main
}
--27873-- 
--27873-- used_suppression:    932 otherModule_ignore_tbb_issues
--27873-- used_suppression:     40 tbd_cpu_dev_init
--27873-- used_suppression:     11 otherModule_build_program_leaks_because_backend
--27873-- used_suppression:      6 tbd_cpu_memory_allocator_image_object
--27873-- used_suppression:      7 tbd_no_dll_cleanup
--27873-- used_suppression:      4 otherModule_clang_stuff
--27873-- used_suppression:     38 tbd_ignore_dl_init_allocations_until_proper_deinition
--27873-- used_suppression:      1 tbd_front_end_issues
--27873-- used_suppression:      2 otherModule_clang
--27873-- used_suppression:      8 tbd_framework_proxy_init
--27873-- used_suppression:     15 tbd_smart_pointers_debug_allocatedObjectsMap_not_freed
--27873-- used_suppression:     20 tbd_not_clear_where_these_c++_strings_were_allocated
--27873-- used_suppression:      2 conform12_kernel_helpers
--27873-- used_suppression:      9 otherModule_CPUDeviceBackendModule
--27873-- used_suppression:    627 conform12_printDeviceHeader_cond_issues
--27873-- used_suppression:      2 U1004-ARM-_dl_relocate_object
==27873== 
==27873== ERROR SUMMARY: 1 errors from 1 contexts (suppressed: 693 from 92)
